<html>
<body>
<pre>
<h1>µVision Build Log</h1>
<h2>Tool Versions:</h2>
IDE-Version: ¦ÌVision V5.20.0.39
Copyright (C) 2016 ARM Ltd and ARM Germany GmbH. All rights reserved.
License Information: ZHR Microsoft, Microsoft, LIC=Z3C01-CE85R-IMF9B-2XH27-YTS5P-2L3Z7
 
Tool Versions:
Toolchain:       MDK-ARM Professional  Version: 5.14.0.0
Toolchain Path:  d:\Keil_v5\ARM\ARMCC\Bin
C Compiler:      Armcc.exe V5.05 update 1 (build 106)
Assembler:       Armasm.exe V5.05 update 1 (build 106)
Linker/Locator:  ArmLink.exe V5.05 update 1 (build 106)
Library Manager: ArmAr.exe V5.05 update 1 (build 106)
Hex Converter:   FromElf.exe V5.05 update 1 (build 106)
CPU DLL:         SARMCM3.DLL V5.14.0.0
Dialog DLL:      DCM.DLL V1.13.1.0
Target DLL:      STLink\ST-LINKIII-KEIL_SWO.dll V2.0.14.0_KEIL
Dialog DLL:      TCM.DLL V1.14.4.0
 
<h2>Project:</h2>
D:\ZHR\PersonalData\Project\code\Code\SET_ZLJF\user\SET_ZLJF.uvprojx
Project File Date:  06/14/2018

<h2>Output:</h2>
*** Using Compiler 'V5.05 update 1 (build 106)', folder: 'd:\Keil_v5\ARM\ARMCC\Bin'
Rebuild target 'STM32_USART'
assembling startup_stm32f10x_md.s...
compiling core_cm3.c...
compiling system_stm32f10x.c...
compiling stm32f10x_rcc.c...
compiling stm32f10x_usart.c...
compiling stm32f10x_gpio.c...
compiling misc.c...
compiling stm32f10x_flash.c...
compiling stm32f10x_tim.c...
compiling stm32f10x_adc.c...
compiling stm32f10x_dac.c...
compiling stm32f10x_dma.c...
compiling stm32f10x_exti.c...
compiling stm32f10x_pwr.c...
compiling stm32f10x_iwdg.c...
compiling usart.c...
compiling delay.c...
compiling stm32f10x_it.c...
compiling display.c...
compiling menu.c...
compiling key.c...
..\Peripherals\src\key.c(236): warning:  #940-D: missing return statement at end of non-void function "ReadButtonStatus"
  }
..\Peripherals\src\key.c: 1 warning, 0 errors
compiling SelfStudy.c...
compiling main.c...
compiling flash.c...
..\Peripherals\src\flash.c(38): warning:  #940-D: missing return statement at end of non-void function "WriteInternalFlash"
  }
..\Peripherals\src\flash.c(87): warning:  #177-D: variable "HeadAddr" was declared but never referenced
  		uint32_t HeadAddr = addr;
..\Peripherals\src\flash.c: 2 warnings, 0 errors
compiling BSP_Init.c...
BSP_Init.c(540): warning:  #177-D: variable "GPIO_InitStructure" was declared but never referenced
  		GPIO_InitTypeDef GPIO_InitStructure;  
BSP_Init.c: 1 warning, 0 errors
compiling project.c...
..\Peripherals\src\project.c(594): warning:  #177-D: variable "Dispaly_Max" was declared but never referenced
  	uint32_t Dispaly_Max = 0;
..\Peripherals\src\project.c(595): warning:  #177-D: variable "Dispaly_Min" was declared but never referenced
  	uint32_t Dispaly_Min = 0;
..\Peripherals\src\project.c(1594): warning:  #188-D: enumerated type mixed with another type
  	OUT1_Mode.DelayMode = ReadFlash(OUT1_Mode_FLASH_DATA_ADDRESS);
..\Peripherals\src\project.c(1599): warning:  #188-D: enumerated type mixed with another type
  	KEY = ReadFlash(KEY_FLASH_DATA_ADDRESS);
..\Peripherals\src\project.c: 4 warnings, 0 errors
linking...
Program Size: Code=29250 RO-data=366 RW-data=288 ZI-data=1936  
FromELF: creating hex file...
"..\Output\SET_ZLJF_STM32F100.axf" - 0 Error(s), 8 Warning(s).

<h2>Collection of Component include folders:</h2>
  D:\ZHR\PersonalData\Project\code\Code\SET_ZLJF\user\RTE
  d:\Keil_v5\ARM\PACK\Keil\STM32F1xx_DFP\2.2.0\Device\Include

<h2>Collection of Component Files used:</h2>
Build Time Elapsed:  00:00:08
</pre>
</body>
</html>
