Component: ARM Compiler 5.05 update 1 (build 106) Tool: armlink [4d0efa]

==============================================================================

Section Cross References

    system_stm32f10x.o(.text) refers to system_stm32f10x.o(.data) for .data
    startup_stm32f10x_md.o(STACK) refers (Special) to heapauxi.o(.text) for __use_two_region_memory
    startup_stm32f10x_md.o(HEAP) refers (Special) to heapauxi.o(.text) for __use_two_region_memory
    startup_stm32f10x_md.o(RESET) refers (Special) to heapauxi.o(.text) for __use_two_region_memory
    startup_stm32f10x_md.o(RESET) refers to startup_stm32f10x_md.o(STACK) for __initial_sp
    startup_stm32f10x_md.o(RESET) refers to startup_stm32f10x_md.o(.text) for Reset_Handler
    startup_stm32f10x_md.o(RESET) refers to stm32f10x_it.o(.text) for NMI_Handler
    startup_stm32f10x_md.o(RESET) refers to project.o(.text) for DMA1_Channel1_IRQHandler
    startup_stm32f10x_md.o(RESET) refers to main.o(.text) for TIM2_IRQHandler
    startup_stm32f10x_md.o(.text) refers (Special) to heapauxi.o(.text) for __use_two_region_memory
    startup_stm32f10x_md.o(.text) refers to system_stm32f10x.o(.text) for SystemInit
    startup_stm32f10x_md.o(.text) refers to __main.o(!!!main) for __main
    startup_stm32f10x_md.o(.text) refers to startup_stm32f10x_md.o(HEAP) for Heap_Mem
    startup_stm32f10x_md.o(.text) refers to startup_stm32f10x_md.o(STACK) for Stack_Mem
    stm32f10x_rcc.o(.text) refers to stm32f10x_rcc.o(.data) for .data
    stm32f10x_usart.o(.text) refers to stm32f10x_rcc.o(.text) for RCC_APB2PeriphResetCmd
    stm32f10x_gpio.o(.text) refers to stm32f10x_rcc.o(.text) for RCC_APB2PeriphResetCmd
    stm32f10x_tim.o(.text) refers to stm32f10x_rcc.o(.text) for RCC_APB1PeriphResetCmd
    stm32f10x_adc.o(.text) refers to stm32f10x_rcc.o(.text) for RCC_APB2PeriphResetCmd
    stm32f10x_dac.o(.text) refers to stm32f10x_rcc.o(.text) for RCC_APB1PeriphResetCmd
    stm32f10x_pwr.o(.text) refers to stm32f10x_rcc.o(.text) for RCC_APB1PeriphResetCmd
    usart.o(.text) refers to stm32f10x_rcc.o(.text) for RCC_APB2PeriphClockCmd
    usart.o(.text) refers to stm32f10x_gpio.o(.text) for GPIO_Init
    usart.o(.text) refers to stm32f10x_usart.o(.text) for USART_Init
    usart.o(.text) refers to rt_memclr_w.o(.text) for __aeabi_memclr4
    delay.o(.text) refers to misc.o(.text) for SysTick_CLKSourceConfig
    delay.o(.text) refers to delay.o(.data) for .data
    display.o(.text) refers to display.o(.bss) for .bss
    display.o(.text) refers to project.o(.data) for KEY
    display.o(.text) refers to display.o(.constdata) for .constdata
    display.o(.text) refers to display.o(.data) for .data
    display.o(.text) refers to stm32f10x_gpio.o(.text) for GPIO_ReadInputDataBit
    display.o(.text) refers to project.o(.data) for EventFlag
    key.o(.text) refers to stm32f10x_gpio.o(.text) for GPIO_Init
    key.o(.text) refers to key.o(.bss) for .bss
    menu.o(.text) refers to display.o(.text) for SMG_DisplayMenuTwo_SHOT
    menu.o(.text) refers to flash.o(.text) for WriteFlash
    menu.o(.text) refers to project.o(.data) for EventFlag
    menu.o(.text) refers to key.o(.bss) for UpButton
    menu.o(.text) refers to menu.o(.data) for .data
    menu.o(.text) refers to project.o(.data) for tempPress
    menu.o(.text) refers to project.o(.data) for DX_Flag
    flash.o(.text) refers to stm32f10x_flash.o(.text) for FLASH_Unlock
    flash.o(.text) refers to flash.o(.data) for .data
    selfstudy.o(.text) refers to ffix.o(x$fpl$ffix) for __aeabi_f2iz
    selfstudy.o(.text) refers to flash.o(.text) for WriteFlash
    selfstudy.o(.text) refers to stm32f10x_gpio.o(.text) for GPIO_ReadInputDataBit
    selfstudy.o(.text) refers to ffixu.o(x$fpl$ffixu) for __aeabi_f2uiz
    selfstudy.o(.text) refers to display.o(.text) for SMG_DisplaySET_Step_1_Mode
    selfstudy.o(.text) refers to project.o(.data) for Final
    selfstudy.o(.text) refers to selfstudy.o(.data) for .data
    selfstudy.o(.text) refers to key.o(.bss) for SetButton
    main.o(.text) refers to stm32f10x_usart.o(.text) for USART_GetFlagStatus
    main.o(.text) refers to stm32f10x_tim.o(.text) for TIM_GetITStatus
    main.o(.text) refers to display.o(.text) for SMG_Diplay
    main.o(.text) refers to key.o(.text) for Key_Scan
    main.o(.text) refers to project.o(.text) for GetTotalADCValue
    main.o(.text) refers to bsp_init.o(.text) for RCC_Configuration
    main.o(.text) refers to stm32f10x_pwr.o(.text) for PWR_PVDLevelConfig
    main.o(.text) refers to stm32f10x_rcc.o(.text) for RCC_GetClocksFreq
    main.o(.text) refers to flash.o(.text) for ReadFlash
    main.o(.text) refers to stm32f10x_iwdg.o(.text) for IWDG_WriteAccessCmd
    main.o(.text) refers to main.o(.data) for .data
    main.o(.text) refers to menu.o(.data) for OUT1_Mode
    main.o(.text) refers to project.o(.data) for OUT2
    main.o(.text) refers to project.o(.data) for EventFlag
    main.o(.text) refers to main.o(.bss) for .bss
[...]
    .text                                    0x080067b0   Section        0  heapauxi.o(.text)
    .text                                    0x080067b6   Section       74  sys_stackheap_outer.o(.text)
    .text                                    0x08006800   Section        0  exit.o(.text)
    .text                                    0x0800680c   Section        8  libspace.o(.text)
    .text                                    0x08006814   Section        0  sys_exit.o(.text)
    .text                                    0x08006820   Section        2  use_no_semi.o(.text)
    .text                                    0x08006822   Section        0  indicate_semi.o(.text)
    x$fpl$dadd                               0x08006824   Section      336  daddsub_clz.o(x$fpl$dadd)
    _dadd1                                   0x08006835   Thumb Code     0  daddsub_clz.o(x$fpl$dadd)
    x$fpl$dcheck1                            0x08006974   Section       16  dcheck1.o(x$fpl$dcheck1)
    x$fpl$dcmpinf                            0x08006984   Section       24  dcmpi.o(x$fpl$dcmpinf)
    x$fpl$dflt                               0x0800699c   Section       46  dflt_clz.o(x$fpl$dflt)
    x$fpl$dleqf                              0x080069cc   Section      120  dleqf.o(x$fpl$dleqf)
    x$fpl$dnaninf                            0x08006a44   Section      156  dnaninf.o(x$fpl$dnaninf)
    x$fpl$dretinf                            0x08006ae0   Section       12  dretinf.o(x$fpl$dretinf)
    x$fpl$drleqf                             0x08006aec   Section      108  drleqf.o(x$fpl$drleqf)
    x$fpl$dsub                               0x08006b58   Section      468  daddsub_clz.o(x$fpl$dsub)
    _dsub1                                   0x08006b69   Thumb Code     0  daddsub_clz.o(x$fpl$dsub)
    x$fpl$f2d                                0x08006d2c   Section       86  f2d.o(x$fpl$f2d)
    x$fpl$fadd                               0x08006d84   Section      196  faddsub_clz.o(x$fpl$fadd)
    _fadd1                                   0x08006d93   Thumb Code     0  faddsub_clz.o(x$fpl$fadd)
    x$fpl$fcmpinf                            0x08006e48   Section       24  fcmpi.o(x$fpl$fcmpinf)
    x$fpl$ffix                               0x08006e60   Section       54  ffix.o(x$fpl$ffix)
    x$fpl$ffixu                              0x08006e98   Section       62  ffixu.o(x$fpl$ffixu)
    x$fpl$fflt                               0x08006ed8   Section       48  fflt_clz.o(x$fpl$fflt)
    x$fpl$fleqf                              0x08006f08   Section      104  fleqf.o(x$fpl$fleqf)
    x$fpl$fnaninf                            0x08006f70   Section      140  fnaninf.o(x$fpl$fnaninf)
    x$fpl$fretinf                            0x08006ffc   Section       10  fretinf.o(x$fpl$fretinf)
    x$fpl$frleqf                             0x08007006   Section       98  frleqf.o(x$fpl$frleqf)
    x$fpl$fsub                               0x08007068   Section      234  faddsub_clz.o(x$fpl$fsub)
    _fsub1                                   0x08007077   Thumb Code     0  faddsub_clz.o(x$fpl$fsub)
    x$fpl$retnan                             0x08007152   Section      100  retnan.o(x$fpl$retnan)
    x$fpl$scalbn                             0x080071b6   Section       92  scalbn.o(x$fpl$scalbn)
    x$fpl$trapveneer                         0x08007212   Section       48  trapv.o(x$fpl$trapveneer)
    .constdata                               0x08007242   Section       98  display.o(.constdata)
    x$fpl$usenofp                            0x08007242   Section        0  usenofp.o(x$fpl$usenofp)
    .data                                    0x20000000   Section       20  system_stm32f10x.o(.data)
    .data                                    0x20000014   Section       20  stm32f10x_rcc.o(.data)
    ADCPrescTable                            0x20000014   Data           4  stm32f10x_rcc.o(.data)
    APBAHBPrescTable                         0x20000018   Data          16  stm32f10x_rcc.o(.data)
    .data                                    0x20000028   Section       20  display.o(.data)
    Blinkflag                                0x20000029   Data           1  display.o(.data)
    Blinkflag                                0x2000002a   Data           1  display.o(.data)
    Blinkflag                                0x2000002b   Data           1  display.o(.data)
    Blinkflag                                0x2000002c   Data           1  display.o(.data)
    Blinkflag                                0x2000002d   Data           1  display.o(.data)
    Blinkflag                                0x2000002e   Data           1  display.o(.data)
    Blinkflag                                0x2000002f   Data           1  display.o(.data)
    Blinkflag                                0x20000030   Data           1  display.o(.data)
    Blinkflag                                0x20000031   Data           1  display.o(.data)
    bilinkflag                               0x20000032   Data           1  display.o(.data)
    bilinkflag                               0x20000033   Data           1  display.o(.data)
    .data                                    0x2000003c   Section       36  menu.o(.data)
    lastCounter                              0x2000003f   Data           1  menu.o(.data)
    lastCounter                              0x20000040   Data           1  menu.o(.data)
    lastCounter                              0x20000041   Data           1  menu.o(.data)
    lastCounter                              0x20000042   Data           1  menu.o(.data)
    lastCounter                              0x20000043   Data           1  menu.o(.data)
    lastCounter                              0x20000044   Data           1  menu.o(.data)
    lastCounter                              0x20000045   Data           1  menu.o(.data)
    lastCounter                              0x20000046   Data           1  menu.o(.data)
    lastCounter                              0x20000047   Data           1  menu.o(.data)
    lastCounter                              0x20000048   Data           1  menu.o(.data)
    lastCounter                              0x20000049   Data           1  menu.o(.data)
    lastCounter                              0x2000004a   Data           1  menu.o(.data)
    .data                                    0x20000060   Section        4  flash.o(.data)
    .data                                    0x20000064   Section       16  selfstudy.o(.data)
    .data                                    0x20000074   Section       32  main.o(.data)
    .data                                    0x20000094   Section        4  main.o(.data)
    .data                                    0x20000098   Section      124  project.o(.data)
    lastCounter                              0x200000aa   Data           1  project.o(.data)
    lastCounter                              0x200000ab   Data           1  project.o(.data)
    lastCounter                              0x200000ac   Data           1  project.o(.data)
    lastCounter                              0x200000ad   Data           1  project.o(.data)
    LastThreshold                            0x200000c8   Data           2  project.o(.data)
    LastHIValue                              0x200000ca   Data           2  project.o(.data)
    LastLOValue                              0x200000cc   Data           2  project.o(.data)
    .data                                    0x20000114   Section        1  project.o(.data)
    .data                                    0x20000115   Section        1  project.o(.data)
    .data                                    0x20000116   Section        2  bsp_init.o(.data)
    .bss                                     0x20000118   Section        9  display.o(.bss)
    .bss                                     0x20000124   Section      128  key.o(.bss)
    .bss                                     0x200001a4   Section       32  main.o(.bss)
    .bss                                     0x200001c4   Section       96  libspace.o(.bss)
    HEAP                                     0x20000228   Section      512  startup_stm32f10x_md.o(HEAP)
    Heap_Mem                                 0x20000228   Data         512  startup_stm32f10x_md.o(HEAP)
    STACK                                    0x20000428   Section     1024  startup_stm32f10x_md.o(STACK)
    Stack_Mem                                0x20000428   Data        1024  startup_stm32f10x_md.o(STACK)
    __initial_sp                             0x20000828   Data           0  startup_stm32f10x_md.o(STACK)

    Global Symbols

    Symbol Name                              Value     Ov Type        Size  Object(Section)

    BuildAttributes$$THM_ISAv4$P$D$K$B$S$PE$A:L22UL41UL21$X:L11$S22US41US21$IEEE1$IW$USESV6$~STKCKD$USESV7$~SHL$OSPACE$ROPI$EBA8$UX$STANDARDLIB$REQ8$PRES8$EABIv2 0x00000000   Number         0  anon$$obj.o ABSOLUTE
    __ARM_use_no_argv                        0x00000000   Number         0  main.o ABSOLUTE
    __ARM_exceptions_init                     - Undefined Weak Reference
    __alloca_initialize                       - Undefined Weak Reference
    __arm_preinit_                            - Undefined Weak Reference
    __cpp_initialize__aeabi_                  - Undefined Weak Reference
    __cxa_finalize                            - Undefined Weak Reference
    __rt_locale                               - Undefined Weak Reference
    __sigvec_lookup                           - Undefined Weak Reference
    _atexit_init                              - Undefined Weak Reference
    _call_atexit_fns                          - Undefined Weak Reference
    _clock_init                               - Undefined Weak Reference
    _fp_trap_init                             - Undefined Weak Reference
    _fp_trap_shutdown                         - Undefined Weak Reference
    _get_lc_collate                           - Undefined Weak Reference
    _get_lc_ctype                             - Undefined Weak Reference
    _get_lc_monetary                          - Undefined Weak Reference
    _get_lc_numeric                           - Undefined Weak Reference
    _get_lc_time                              - Undefined Weak Reference
    _getenv_init                              - Undefined Weak Reference
    _handle_redirection                       - Undefined Weak Reference
    _init_alloc                               - Undefined Weak Reference
    _init_user_alloc                          - Undefined Weak Reference
    _initio                                   - Undefined Weak Reference
    _rand_init                                - Undefined Weak Reference
    _signal_finish                            - Undefined Weak Reference
    _signal_init                              - Undefined Weak Reference
    _terminate_alloc                          - Undefined Weak Reference
    _terminate_user_alloc                     - Undefined Weak Reference
    _terminateio                              - Undefined Weak Reference
    __Vectors_Size                           0x000000ec   Number         0  startup_stm32f10x_md.o ABSOLUTE
    __Vectors                                0x08000000   Data           4  startup_stm32f10x_md.o(RESET)
    __Vectors_End                            0x080000ec   Data           0  startup_stm32f10x_md.o(RESET)
    __main                                   0x080000ed   Thumb Code     8  __main.o(!!!main)
    __scatterload                            0x080000f5   Thumb Code     0  __scatter.o(!!!scatter)
    __scatterload_rt2                        0x080000f5   Thumb Code    44  __scatter.o(!!!scatter)
    __scatterload_rt2_thumb_only             0x080000f5   Thumb Code     0  __scatter.o(!!!scatter)
    __scatterload_null                       0x08000103   Thumb Code     0  __scatter.o(!!!scatter)
    __scatterload_copy                       0x08000129   Thumb Code    26  __scatter_copy.o(!!handler_copy)
    __scatterload_zeroinit                   0x08000145   Thumb Code    28  __scatter_zi.o(!!handler_zi)
    __rt_lib_init                            0x08000161   Thumb Code     0  libinit.o(.ARM.Collect$$libinit$$00000000)
    __rt_lib_init_alloca_1                   0x08000163   Thumb Code     0  libinit2.o(.ARM.Collect$$libinit$$0000002E)
    __rt_lib_init_argv_1                     0x08000163   Thumb Code     0  libinit2.o(.ARM.Collect$$libinit$$0000002C)
    __rt_lib_init_atexit_1                   0x08000163   Thumb Code     0  libinit2.o(.ARM.Collect$$libinit$$0000001B)
    __rt_lib_init_clock_1                    0x08000163   Thumb Code     0  libinit2.o(.ARM.Collect$$libinit$$00000021)
    __rt_lib_init_cpp_1                      0x08000163   Thumb Code     0  libinit2.o(.ARM.Collect$$libinit$$00000032)
    __rt_lib_init_exceptions_1               0x08000163   Thumb Code     0  libinit2.o(.ARM.Collect$$libinit$$00000030)
    __rt_lib_init_fp_1                       0x08000163   Thumb Code     0  libinit2.o(.ARM.Collect$$libinit$$00000002)
    __rt_lib_init_fp_trap_1                  0x08000163   Thumb Code     0  libinit2.o(.ARM.Collect$$libinit$$0000001F)
    __rt_lib_init_getenv_1                   0x08000163   Thumb Code     0  libinit2.o(.ARM.Collect$$libinit$$00000023)
    __rt_lib_init_heap_1                     0x08000163   Thumb Code     0  libinit2.o(.ARM.Collect$$libinit$$0000000A)
    __rt_lib_init_lc_collate_1               0x08000163   Thumb Code     0  libinit2.o(.ARM.Collect$$libinit$$00000011)
    __rt_lib_init_lc_ctype_1                 0x08000163   Thumb Code     0  libinit2.o(.ARM.Collect$$libinit$$00000013)
    __rt_lib_init_lc_monetary_1              0x08000163   Thumb Code     0  libinit2.o(.ARM.Collect$$libinit$$00000015)
    __rt_lib_init_lc_numeric_1               0x08000163   Thumb Code     0  libinit2.o(.ARM.Collect$$libinit$$00000017)
    __rt_lib_init_lc_time_1                  0x08000163   Thumb Code     0  libinit2.o(.ARM.Collect$$libinit$$00000019)
    __rt_lib_init_preinit_1                  0x08000163   Thumb Code     0  libinit2.o(.ARM.Collect$$libinit$$00000004)
    __rt_lib_init_rand_1                     0x08000163   Thumb Code     0  libinit2.o(.ARM.Collect$$libinit$$0000000E)
    __rt_lib_init_return                     0x08000163   Thumb Code     0  libinit2.o(.ARM.Collect$$libinit$$00000033)
    __rt_lib_init_signal_1                   0x08000163   Thumb Code     0  libinit2.o(.ARM.Collect$$libinit$$0000001D)
    __rt_lib_init_stdio_1                    0x08000163   Thumb Code     0  libinit2.o(.ARM.Collect$$libinit$$00000025)
    __rt_lib_init_user_alloc_1               0x08000163   Thumb Code     0  libinit2.o(.ARM.Collect$$libinit$$0000000C)
    __rt_lib_shutdown                        0x08000165   Thumb Code     0  libshutdown.o(.ARM.Collect$$libshutdown$$00000000)
    __rt_lib_shutdown_fp_trap_1              0x08000167   Thumb Code     0  libshutdown2.o(.ARM.Collect$$libshutdown$$00000006)
    __rt_lib_shutdown_heap_1                 0x08000167   Thumb Code     0  libshutdown2.o(.ARM.Collect$$libshutdown$$0000000E)
    __rt_lib_shutdown_return                 0x08000167   Thumb Code     0  libshutdown2.o(.ARM.Collect$$libshutdown$$0000000F)
    __rt_lib_shutdown_signal_1               0x08000167   Thumb Code     0  libshutdown2.o(.ARM.Collect$$libshutdown$$00000009)
    __rt_lib_shutdown_stdio_1                0x08000167   Thumb Code     0  libshutdown2.o(.ARM.Collect$$libshutdown$$00000003)
    __rt_lib_shutdown_user_alloc_1           0x08000167   Thumb Code     0  libshutdown2.o(.ARM.Collect$$libshutdown$$0000000B)
    __rt_entry                               0x08000169   Thumb Code     0  __rtentry.o(.ARM.Collect$$rtentry$$00000000)
    __rt_entry_presh_1                       0x08000169   Thumb Code     0  __rtentry2.o(.ARM.Collect$$rtentry$$00000002)
    __rt_entry_sh                            0x08000169   Thumb Code     0  __rtentry4.o(.ARM.Collect$$rtentry$$00000004)
    __rt_entry_li                            0x0800016f   Thumb Code     0  __rtentry2.o(.ARM.Collect$$rtentry$$0000000A)
    __rt_entry_postsh_1                      0x0800016f   Thumb Code     0  __rtentry2.o(.ARM.Collect$$rtentry$$00000009)
    __rt_entry_main                          0x08000173   Thumb Code     0  __rtentry2.o(.ARM.Collect$$rtentry$$0000000D)
    __rt_entry_postli_1                      0x08000173   Thumb Code     0  __rtentry2.o(.ARM.Collect$$rtentry$$0000000C)
    __rt_exit                                0x0800017b   Thumb Code     0  rtexit.o(.ARM.Collect$$rtexit$$00000000)
    __rt_exit_ls                             0x0800017d   Thumb Code     0  rtexit2.o(.ARM.Collect$$rtexit$$00000003)
    __rt_exit_prels_1                        0x0800017d   Thumb Code     0  rtexit2.o(.ARM.Collect$$rtexit$$00000002)
    __rt_exit_exit                           0x08000181   Thumb Code     0  rtexit2.o(.ARM.Collect$$rtexit$$00000004)
    SystemInit                               0x08000189   Thumb Code    68  system_stm32f10x.o(.text)
    SystemCoreClockUpdate                    0x080001cd   Thumb Code    92  system_stm32f10x.o(.text)
    Reset_Handler                            0x080002c9   Thumb Code     8  startup_stm32f10x_md.o(.text)
    ADC1_2_IRQHandler                        0x080002e3   Thumb Code     0  startup_stm32f10x_md.o(.text)
    CAN1_RX1_IRQHandler                      0x080002e3   Thumb Code     0  startup_stm32f10x_md.o(.text)
    CAN1_SCE_IRQHandler                      0x080002e3   Thumb Code     0  startup_stm32f10x_md.o(.text)
    DMA1_Channel2_IRQHandler                 0x080002e3   Thumb Code     0  startup_stm32f10x_md.o(.text)
    DMA1_Channel3_IRQHandler                 0x080002e3   Thumb Code     0  startup_stm32f10x_md.o(.text)
    DMA1_Channel4_IRQHandler                 0x080002e3   Thumb Code     0  startup_stm32f10x_md.o(.text)
    DMA1_Channel5_IRQHandler                 0x080002e3   Thumb Code     0  startup_stm32f10x_md.o(.text)
    DMA1_Channel6_IRQHandler                 0x080002e3   Thumb Code     0  startup_stm32f10x_md.o(.text)
    DMA1_Channel7_IRQHandler                 0x080002e3   Thumb Code     0  startup_stm32f10x_md.o(.text)
    EXTI0_IRQHandler                         0x080002e3   Thumb Code     0  startup_stm32f10x_md.o(.text)
    EXTI15_10_IRQHandler                     0x080002e3   Thumb Code     0  startup_stm32f10x_md.o(.text)
    EXTI1_IRQHandler                         0x080002e3   Thumb Code     0  startup_stm32f10x_md.o(.text)
    EXTI2_IRQHandler                         0x080002e3   Thumb Code     0  startup_stm32f10x_md.o(.text)
    EXTI3_IRQHandler                         0x080002e3   Thumb Code     0  startup_stm32f10x_md.o(.text)
    EXTI4_IRQHandler                         0x080002e3   Thumb Code     0  startup_stm32f10x_md.o(.text)
    FLASH_IRQHandler                         0x080002e3   Thumb Code     0  startup_stm32f10x_md.o(.text)
    I2C1_ER_IRQHandler                       0x080002e3   Thumb Code     0  startup_stm32f10x_md.o(.text)
    I2C1_EV_IRQHandler                       0x080002e3   Thumb Code     0  startup_stm32f10x_md.o(.text)
    I2C2_ER_IRQHandler                       0x080002e3   Thumb Code     0  startup_stm32f10x_md.o(.text)
    I2C2_EV_IRQHandler                       0x080002e3   Thumb Code     0  startup_stm32f10x_md.o(.text)
    PVD_IRQHandler                           0x080002e3   Thumb Code     0  startup_stm32f10x_md.o(.text)
    RCC_IRQHandler                           0x080002e3   Thumb Code     0  startup_stm32f10x_md.o(.text)
    RTCAlarm_IRQHandler                      0x080002e3   Thumb Code     0  startup_stm32f10x_md.o(.text)
    RTC_IRQHandler                           0x080002e3   Thumb Code     0  startup_stm32f10x_md.o(.text)
    SPI1_IRQHandler                          0x080002e3   Thumb Code     0  startup_stm32f10x_md.o(.text)
    SPI2_IRQHandler                          0x080002e3   Thumb Code     0  startup_stm32f10x_md.o(.text)
    TAMPER_IRQHandler                        0x080002e3   Thumb Code     0  startup_stm32f10x_md.o(.text)
    TIM1_BRK_IRQHandler                      0x080002e3   Thumb Code     0  startup_stm32f10x_md.o(.text)
    TIM1_CC_IRQHandler                       0x080002e3   Thumb Code     0  startup_stm32f10x_md.o(.text)
    TIM1_TRG_COM_IRQHandler                  0x080002e3   Thumb Code     0  startup_stm32f10x_md.o(.text)
    TIM1_UP_IRQHandler                       0x080002e3   Thumb Code     0  startup_stm32f10x_md.o(.text)
    USART2_IRQHandler                        0x080002e3   Thumb Code     0  startup_stm32f10x_md.o(.text)
    USART3_IRQHandler                        0x080002e3   Thumb Code     0  startup_stm32f10x_md.o(.text)
    USBWakeUp_IRQHandler                     0x080002e3   Thumb Code     0  startup_stm32f10x_md.o(.text)
    USB_HP_CAN1_TX_IRQHandler                0x080002e3   Thumb Code     0  startup_stm32f10x_md.o(.text)
    USB_LP_CAN1_RX0_IRQHandler               0x080002e3   Thumb Code     0  startup_stm32f10x_md.o(.text)
    WWDG_IRQHandler                          0x080002e3   Thumb Code     0  startup_stm32f10x_md.o(.text)
    __user_initial_stackheap                 0x080002e5   Thumb Code     0  startup_stm32f10x_md.o(.text)
    RCC_DeInit                               0x08000309   Thumb Code    54  stm32f10x_rcc.o(.text)
    RCC_HSEConfig                            0x0800033f   Thumb Code    48  stm32f10x_rcc.o(.text)
    RCC_GetFlagStatus                        0x0800036f   Thumb Code    42  stm32f10x_rcc.o(.text)
    RCC_WaitForHSEStartUp                    0x08000399   Thumb Code    44  stm32f10x_rcc.o(.text)
    RCC_AdjustHSICalibrationValue            0x080003c5   Thumb Code    16  stm32f10x_rcc.o(.text)
    RCC_HSICmd                               0x080003d5   Thumb Code     6  stm32f10x_rcc.o(.text)
    RCC_PLLConfig                            0x080003db   Thumb Code    16  stm32f10x_rcc.o(.text)
    RCC_PLLCmd                               0x080003eb   Thumb Code     6  stm32f10x_rcc.o(.text)
    RCC_PREDIV1Config                        0x080003f1   Thumb Code    18  stm32f10x_rcc.o(.text)
    RCC_SYSCLKConfig                         0x08000403   Thumb Code    14  stm32f10x_rcc.o(.text)
    RCC_GetSYSCLKSource                      0x08000411   Thumb Code    10  stm32f10x_rcc.o(.text)
    RCC_HCLKConfig                           0x0800041b   Thumb Code    14  stm32f10x_rcc.o(.text)
    RCC_PCLK1Config                          0x08000429   Thumb Code    14  stm32f10x_rcc.o(.text)
    RCC_PCLK2Config                          0x08000437   Thumb Code    16  stm32f10x_rcc.o(.text)
    RCC_ITConfig                             0x08000447   Thumb Code    18  stm32f10x_rcc.o(.text)
    RCC_USBCLKConfig                         0x08000459   Thumb Code     8  stm32f10x_rcc.o(.text)
    RCC_ADCCLKConfig                         0x08000461   Thumb Code    14  stm32f10x_rcc.o(.text)
    RCC_LSEConfig                            0x0800046f   Thumb Code    28  stm32f10x_rcc.o(.text)
    RCC_LSICmd                               0x0800048b   Thumb Code     6  stm32f10x_rcc.o(.text)
    RCC_RTCCLKConfig                         0x08000491   Thumb Code    10  stm32f10x_rcc.o(.text)
    RCC_RTCCLKCmd                            0x0800049b   Thumb Code     8  stm32f10x_rcc.o(.text)
    RCC_GetClocksFreq                        0x080004a3   Thumb Code   136  stm32f10x_rcc.o(.text)
    RCC_AHBPeriphClockCmd                    0x0800052b   Thumb Code    18  stm32f10x_rcc.o(.text)
    RCC_APB2PeriphClockCmd                   0x0800053d   Thumb Code    18  stm32f10x_rcc.o(.text)
    RCC_APB1PeriphClockCmd                   0x0800054f   Thumb Code    18  stm32f10x_rcc.o(.text)
    RCC_APB2PeriphResetCmd                   0x08000561   Thumb Code    18  stm32f10x_rcc.o(.text)
    RCC_APB1PeriphResetCmd                   0x08000573   Thumb Code    18  stm32f10x_rcc.o(.text)
    RCC_BackupResetCmd                       0x08000585   Thumb Code     8  stm32f10x_rcc.o(.text)
    RCC_ClockSecuritySystemCmd               0x0800058d   Thumb Code     6  stm32f10x_rcc.o(.text)
    RCC_MCOConfig                            0x08000593   Thumb Code     6  stm32f10x_rcc.o(.text)
    RCC_ClearFlag                            0x08000599   Thumb Code    12  stm32f10x_rcc.o(.text)
    RCC_GetITStatus                          0x080005a5   Thumb Code    16  stm32f10x_rcc.o(.text)
    RCC_ClearITPendingBit                    0x080005b5   Thumb Code     6  stm32f10x_rcc.o(.text)
    USART_DeInit                             0x080005e1   Thumb Code    96  stm32f10x_usart.o(.text)
    USART_Init                               0x08000641   Thumb Code   166  stm32f10x_usart.o(.text)
    USART_StructInit                         0x080006e7   Thumb Code    22  stm32f10x_usart.o(.text)
    USART_ClockInit                          0x080006fd   Thumb Code    30  stm32f10x_usart.o(.text)
    USART_ClockStructInit                    0x0800071b   Thumb Code    12  stm32f10x_usart.o(.text)
    USART_Cmd                                0x08000727   Thumb Code    20  stm32f10x_usart.o(.text)
    USART_ITConfig                           0x0800073b   Thumb Code    48  stm32f10x_usart.o(.text)
    USART_DMACmd                             0x0800076b   Thumb Code    16  stm32f10x_usart.o(.text)
    USART_SetAddress                         0x0800077b   Thumb Code    16  stm32f10x_usart.o(.text)
    USART_WakeUpConfig                       0x0800078b   Thumb Code    16  stm32f10x_usart.o(.text)
    USART_ReceiverWakeUpCmd                  0x0800079b   Thumb Code    20  stm32f10x_usart.o(.text)
    USART_LINBreakDetectLengthConfig         0x080007af   Thumb Code    16  stm32f10x_usart.o(.text)
    USART_LINCmd                             0x080007bf   Thumb Code    20  stm32f10x_usart.o(.text)
    USART_SendData                           0x080007d3   Thumb Code     8  stm32f10x_usart.o(.text)
    USART_ReceiveData                        0x080007db   Thumb Code     8  stm32f10x_usart.o(.text)
    USART_SendBreak                          0x080007e3   Thumb Code    10  stm32f10x_usart.o(.text)
    USART_SetGuardTime                       0x080007ed   Thumb Code    16  stm32f10x_usart.o(.text)
    USART_SetPrescaler                       0x080007fd   Thumb Code    16  stm32f10x_usart.o(.text)
    USART_SmartCardCmd                       0x0800080d   Thumb Code    20  stm32f10x_usart.o(.text)
    USART_SmartCardNACKCmd                   0x08000821   Thumb Code    20  stm32f10x_usart.o(.text)
    USART_HalfDuplexCmd                      0x08000835   Thumb Code    20  stm32f10x_usart.o(.text)
    USART_OverSampling8Cmd                   0x08000849   Thumb Code    20  stm32f10x_usart.o(.text)
    USART_OneBitMethodCmd                    0x0800085d   Thumb Code    20  stm32f10x_usart.o(.text)
    USART_IrDAConfig                         0x08000871   Thumb Code    16  stm32f10x_usart.o(.text)
    USART_IrDACmd                            0x08000881   Thumb Code    20  stm32f10x_usart.o(.text)
    USART_GetFlagStatus                      0x08000895   Thumb Code    14  stm32f10x_usart.o(.text)
    USART_ClearFlag                          0x080008a3   Thumb Code     6  stm32f10x_usart.o(.text)
    USART_GetITStatus                        0x080008a9   Thumb Code    62  stm32f10x_usart.o(.text)
    USART_ClearITPendingBit                  0x080008e7   Thumb Code    12  stm32f10x_usart.o(.text)
    GPIO_DeInit                              0x08000909   Thumb Code   152  stm32f10x_gpio.o(.text)
    GPIO_AFIODeInit                          0x080009a1   Thumb Code    22  stm32f10x_gpio.o(.text)
    GPIO_Init                                0x080009b7   Thumb Code   164  stm32f10x_gpio.o(.text)
    GPIO_StructInit                          0x08000a5b   Thumb Code    16  stm32f10x_gpio.o(.text)
    GPIO_ReadInputDataBit                    0x08000a6b   Thumb Code    14  stm32f10x_gpio.o(.text)
    GPIO_ReadInputData                       0x08000a79   Thumb Code     6  stm32f10x_gpio.o(.text)
    GPIO_ReadOutputDataBit                   0x08000a7f   Thumb Code    14  stm32f10x_gpio.o(.text)
    GPIO_ReadOutputData                      0x08000a8d   Thumb Code     6  stm32f10x_gpio.o(.text)
    GPIO_SetBits                             0x08000a93   Thumb Code     4  stm32f10x_gpio.o(.text)
    GPIO_ResetBits                           0x08000a97   Thumb Code     4  stm32f10x_gpio.o(.text)
    GPIO_WriteBit                            0x08000a9b   Thumb Code    10  stm32f10x_gpio.o(.text)
    GPIO_Write                               0x08000aa5   Thumb Code     4  stm32f10x_gpio.o(.text)
    GPIO_PinLockConfig                       0x08000aa9   Thumb Code    16  stm32f10x_gpio.o(.text)
    GPIO_EventOutputConfig                   0x08000ab9   Thumb Code    22  stm32f10x_gpio.o(.text)
    GPIO_EventOutputCmd                      0x08000acf   Thumb Code     6  stm32f10x_gpio.o(.text)
    GPIO_PinRemapConfig                      0x08000ad5   Thumb Code    82  stm32f10x_gpio.o(.text)
    GPIO_EXTILineConfig                      0x08000b27   Thumb Code    34  stm32f10x_gpio.o(.text)
    GPIO_ETH_MediaInterfaceConfig            0x08000b49   Thumb Code     8  stm32f10x_gpio.o(.text)
    NVIC_PriorityGroupConfig                 0x08000b75   Thumb Code    10  misc.o(.text)
    NVIC_Init                                0x08000b7f   Thumb Code    94  misc.o(.text)
    NVIC_SetVectorTable                      0x08000bdd   Thumb Code    14  misc.o(.text)
    NVIC_SystemLPConfig                      0x08000beb   Thumb Code    20  misc.o(.text)
    SysTick_CLKSourceConfig                  0x08000bff   Thumb Code    24  misc.o(.text)
    FLASH_SetLatency                         0x08000c25   Thumb Code    14  stm32f10x_flash.o(.text)
    FLASH_HalfCycleAccessCmd                 0x08000c33   Thumb Code    18  stm32f10x_flash.o(.text)
    FLASH_PrefetchBufferCmd                  0x08000c45   Thumb Code    18  stm32f10x_flash.o(.text)
    FLASH_Unlock                             0x08000c57   Thumb Code    12  stm32f10x_flash.o(.text)
    FLASH_UnlockBank1                        0x08000c63   Thumb Code    12  stm32f10x_flash.o(.text)
    FLASH_Lock                               0x08000c6f   Thumb Code    12  stm32f10x_flash.o(.text)
    FLASH_LockBank1                          0x08000c7b   Thumb Code    12  stm32f10x_flash.o(.text)
    FLASH_GetBank1Status                     0x08000c87   Thumb Code    34  stm32f10x_flash.o(.text)
    FLASH_WaitForLastOperation               0x08000ca9   Thumb Code    36  stm32f10x_flash.o(.text)
    FLASH_ErasePage                          0x08000ccd   Thumb Code    56  stm32f10x_flash.o(.text)
    FLASH_EraseAllPages                      0x08000d05   Thumb Code    52  stm32f10x_flash.o(.text)
    FLASH_WaitForLastBank1Operation          0x08000d39   Thumb Code    36  stm32f10x_flash.o(.text)
    FLASH_EraseAllBank1Pages                 0x08000d5d   Thumb Code    52  stm32f10x_flash.o(.text)
    FLASH_GetReadOutProtectionStatus         0x08000d91   Thumb Code    14  stm32f10x_flash.o(.text)
    FLASH_EraseOptionBytes                   0x08000d9f   Thumb Code   108  stm32f10x_flash.o(.text)
    FLASH_ProgramWord                        0x08000e0b   Thumb Code    72  stm32f10x_flash.o(.text)
    FLASH_ProgramHalfWord                    0x08000e53   Thumb Code    48  stm32f10x_flash.o(.text)
    FLASH_ProgramOptionByteData              0x08000e83   Thumb Code    62  stm32f10x_flash.o(.text)
    FLASH_EnableWriteProtection              0x08000ec1   Thumb Code   150  stm32f10x_flash.o(.text)
    FLASH_ReadOutProtection                  0x08000f57   Thumb Code   118  stm32f10x_flash.o(.text)
    FLASH_UserOptionByteConfig               0x08000fcd   Thumb Code    92  stm32f10x_flash.o(.text)
    FLASH_GetUserOptionByte                  0x08001029   Thumb Code     8  stm32f10x_flash.o(.text)
    FLASH_GetWriteProtectionOptionByte       0x08001031   Thumb Code     6  stm32f10x_flash.o(.text)
    FLASH_GetPrefetchBufferStatus            0x08001037   Thumb Code    14  stm32f10x_flash.o(.text)
    FLASH_ITConfig                           0x08001045   Thumb Code    18  stm32f10x_flash.o(.text)
    FLASH_GetFlagStatus                      0x08001057   Thumb Code    28  stm32f10x_flash.o(.text)
    FLASH_ClearFlag                          0x08001073   Thumb Code     6  stm32f10x_flash.o(.text)
    FLASH_GetStatus                          0x08001079   Thumb Code    34  stm32f10x_flash.o(.text)
    TIM_DeInit                               0x080010a1   Thumb Code   304  stm32f10x_tim.o(.text)
    TIM_TimeBaseInit                         0x080011d1   Thumb Code   114  stm32f10x_tim.o(.text)
    TIM_OC1Init                              0x08001243   Thumb Code   106  stm32f10x_tim.o(.text)
    TIM_OC2Init                              0x080012ad   Thumb Code   120  stm32f10x_tim.o(.text)
    TIM_OC3Init                              0x08001325   Thumb Code   116  stm32f10x_tim.o(.text)
    TIM_OC4Init                              0x08001399   Thumb Code    90  stm32f10x_tim.o(.text)
    TIM_SetIC4Prescaler                      0x080013f3   Thumb Code    24  stm32f10x_tim.o(.text)
    TIM_SetIC3Prescaler                      0x0800140b   Thumb Code    16  stm32f10x_tim.o(.text)
    TIM_SetIC2Prescaler                      0x0800141b   Thumb Code    24  stm32f10x_tim.o(.text)
    TIM_SetIC1Prescaler                      0x080014d9   Thumb Code    16  stm32f10x_tim.o(.text)
    TIM_ICInit                               0x08001541   Thumb Code   272  stm32f10x_tim.o(.text)
    TIM_PWMIConfig                           0x08001651   Thumb Code   104  stm32f10x_tim.o(.text)
    TIM_BDTRConfig                           0x080016b9   Thumb Code    34  stm32f10x_tim.o(.text)
    TIM_TimeBaseStructInit                   0x080016db   Thumb Code    18  stm32f10x_tim.o(.text)
    TIM_OCStructInit                         0x080016ed   Thumb Code    20  stm32f10x_tim.o(.text)
    TIM_ICStructInit                         0x08001701   Thumb Code    16  stm32f10x_tim.o(.text)
    TIM_BDTRStructInit                       0x08001711   Thumb Code    18  stm32f10x_tim.o(.text)
    TIM_Cmd                                  0x08001723   Thumb Code    20  stm32f10x_tim.o(.text)
    TIM_CtrlPWMOutputs                       0x08001737   Thumb Code    22  stm32f10x_tim.o(.text)
    TIM_ITConfig                             0x0800174d   Thumb Code    16  stm32f10x_tim.o(.text)
    TIM_GenerateEvent                        0x0800175d   Thumb Code     4  stm32f10x_tim.o(.text)
    TIM_DMAConfig                            0x08001761   Thumb Code     8  stm32f10x_tim.o(.text)
    TIM_DMACmd                               0x08001769   Thumb Code    16  stm32f10x_tim.o(.text)
    TIM_InternalClockConfig                  0x08001779   Thumb Code    10  stm32f10x_tim.o(.text)
    TIM_SelectInputTrigger                   0x08001783   Thumb Code    12  stm32f10x_tim.o(.text)
    TIM_ITRxExternalClockConfig              0x0800178f   Thumb Code    18  stm32f10x_tim.o(.text)
    TIM_TIxExternalClockConfig               0x080017a1   Thumb Code    46  stm32f10x_tim.o(.text)
    TIM_ETRConfig                            0x080017cf   Thumb Code    24  stm32f10x_tim.o(.text)
    TIM_ETRClockMode1Config                  0x080017e7   Thumb Code    18  stm32f10x_tim.o(.text)
    TIM_ETRClockMode2Config                  0x080017f9   Thumb Code    18  stm32f10x_tim.o(.text)
    TIM_PrescalerConfig                      0x0800180b   Thumb Code     6  stm32f10x_tim.o(.text)
    TIM_CounterModeConfig                    0x08001811   Thumb Code    12  stm32f10x_tim.o(.text)
    TIM_EncoderInterfaceConfig               0x0800181d   Thumb Code    50  stm32f10x_tim.o(.text)
    TIM_ForcedOC1Config                      0x0800184f   Thumb Code    12  stm32f10x_tim.o(.text)
    TIM_ForcedOC2Config                      0x0800185b   Thumb Code    20  stm32f10x_tim.o(.text)
    TIM_ForcedOC3Config                      0x0800186f   Thumb Code    12  stm32f10x_tim.o(.text)
    TIM_ForcedOC4Config                      0x0800187b   Thumb Code    20  stm32f10x_tim.o(.text)
    TIM_ARRPreloadConfig                     0x0800188f   Thumb Code    20  stm32f10x_tim.o(.text)
    TIM_SelectCOM                            0x080018a3   Thumb Code    20  stm32f10x_tim.o(.text)
    TIM_SelectCCDMA                          0x080018b7   Thumb Code    20  stm32f10x_tim.o(.text)
    TIM_CCPreloadControl                     0x080018cb   Thumb Code    20  stm32f10x_tim.o(.text)
    TIM_OC1PreloadConfig                     0x080018df   Thumb Code    34  stm32f10x_tim.o(.text)
    TIM_OC2PreloadConfig                     0x08001901   Thumb Code    20  stm32f10x_tim.o(.text)
    TIM_OC3PreloadConfig                     0x08001915   Thumb Code    12  stm32f10x_tim.o(.text)
    TIM_OC4PreloadConfig                     0x08001921   Thumb Code    20  stm32f10x_tim.o(.text)
    TIM_OC1FastConfig                        0x08001935   Thumb Code    12  stm32f10x_tim.o(.text)
    TIM_OC2FastConfig                        0x08001941   Thumb Code    20  stm32f10x_tim.o(.text)
    TIM_OC3FastConfig                        0x08001955   Thumb Code    12  stm32f10x_tim.o(.text)
    TIM_OC4FastConfig                        0x08001961   Thumb Code    20  stm32f10x_tim.o(.text)
    TIM_ClearOC1Ref                          0x08001975   Thumb Code    12  stm32f10x_tim.o(.text)
    TIM_ClearOC2Ref                          0x08001981   Thumb Code    20  stm32f10x_tim.o(.text)
    TIM_ClearOC3Ref                          0x08001995   Thumb Code    12  stm32f10x_tim.o(.text)
    TIM_ClearOC4Ref                          0x080019a1   Thumb Code    20  stm32f10x_tim.o(.text)
    TIM_OC1PolarityConfig                    0x080019b5   Thumb Code    12  stm32f10x_tim.o(.text)
    TIM_OC1NPolarityConfig                   0x080019c1   Thumb Code    12  stm32f10x_tim.o(.text)
    TIM_OC2PolarityConfig                    0x080019cd   Thumb Code    20  stm32f10x_tim.o(.text)
    TIM_OC2NPolarityConfig                   0x080019e1   Thumb Code    20  stm32f10x_tim.o(.text)
    TIM_OC3PolarityConfig                    0x080019f5   Thumb Code    20  stm32f10x_tim.o(.text)
    TIM_OC3NPolarityConfig                   0x08001a09   Thumb Code    20  stm32f10x_tim.o(.text)
    TIM_OC4PolarityConfig                    0x08001a1d   Thumb Code    20  stm32f10x_tim.o(.text)
    TIM_CCxCmd                               0x08001a31   Thumb Code    22  stm32f10x_tim.o(.text)
    TIM_CCxNCmd                              0x08001a47   Thumb Code    22  stm32f10x_tim.o(.text)
    TIM_SelectOCxM                           0x08001a5d   Thumb Code    70  stm32f10x_tim.o(.text)
    TIM_UpdateDisableConfig                  0x08001aa3   Thumb Code    20  stm32f10x_tim.o(.text)
    TIM_UpdateRequestConfig                  0x08001ab7   Thumb Code    20  stm32f10x_tim.o(.text)
    TIM_SelectHallSensor                     0x08001acb   Thumb Code    20  stm32f10x_tim.o(.text)
    TIM_SelectOnePulseMode                   0x08001adf   Thumb Code    16  stm32f10x_tim.o(.text)
    TIM_SelectOutputTrigger                  0x08001aef   Thumb Code    16  stm32f10x_tim.o(.text)
    TIM_SelectSlaveMode                      0x08001aff   Thumb Code    16  stm32f10x_tim.o(.text)
    TIM_SelectMasterSlaveMode                0x08001b0f   Thumb Code    16  stm32f10x_tim.o(.text)
    TIM_SetCounter                           0x08001b1f   Thumb Code     4  stm32f10x_tim.o(.text)
    TIM_SetAutoreload                        0x08001b23   Thumb Code     4  stm32f10x_tim.o(.text)
    TIM_SetCompare1                          0x08001b27   Thumb Code     4  stm32f10x_tim.o(.text)
    TIM_SetCompare2                          0x08001b2b   Thumb Code     4  stm32f10x_tim.o(.text)
    TIM_SetCompare3                          0x08001b2f   Thumb Code     4  stm32f10x_tim.o(.text)
    TIM_SetCompare4                          0x08001b33   Thumb Code     6  stm32f10x_tim.o(.text)
    TIM_SetClockDivision                     0x08001b39   Thumb Code    16  stm32f10x_tim.o(.text)
    TIM_GetCapture1                          0x08001b49   Thumb Code     4  stm32f10x_tim.o(.text)
    TIM_GetCapture2                          0x08001b4d   Thumb Code     4  stm32f10x_tim.o(.text)
    TIM_GetCapture3                          0x08001b51   Thumb Code     4  stm32f10x_tim.o(.text)
    TIM_GetCapture4                          0x08001b55   Thumb Code     6  stm32f10x_tim.o(.text)
    TIM_GetCounter                           0x08001b5b   Thumb Code     4  stm32f10x_tim.o(.text)
    TIM_GetPrescaler                         0x08001b5f   Thumb Code     4  stm32f10x_tim.o(.text)
    TIM_GetFlagStatus                        0x08001b63   Thumb Code    14  stm32f10x_tim.o(.text)
    TIM_ClearFlag                            0x08001b71   Thumb Code     6  stm32f10x_tim.o(.text)
    TIM_GetITStatus                          0x08001b77   Thumb Code    24  stm32f10x_tim.o(.text)
    TIM_ClearITPendingBit                    0x08001b8f   Thumb Code     6  stm32f10x_tim.o(.text)
    ADC_DeInit                               0x08001b95   Thumb Code    56  stm32f10x_adc.o(.text)
    ADC_Init                                 0x08001bcd   Thumb Code    62  stm32f10x_adc.o(.text)
    ADC_StructInit                           0x08001c0b   Thumb Code    18  stm32f10x_adc.o(.text)
    ADC_Cmd                                  0x08001c1d   Thumb Code    20  stm32f10x_adc.o(.text)
    ADC_DMACmd                               0x08001c31   Thumb Code    20  stm32f10x_adc.o(.text)
    ADC_ITConfig                             0x08001c45   Thumb Code    18  stm32f10x_adc.o(.text)
    ADC_ResetCalibration                     0x08001c57   Thumb Code    10  stm32f10x_adc.o(.text)
    ADC_GetResetCalibrationStatus            0x08001c61   Thumb Code    14  stm32f10x_adc.o(.text)
    ADC_StartCalibration                     0x08001c6f   Thumb Code    10  stm32f10x_adc.o(.text)
    ADC_GetCalibrationStatus                 0x08001c79   Thumb Code    14  stm32f10x_adc.o(.text)
    ADC_SoftwareStartConvCmd                 0x08001c87   Thumb Code    20  stm32f10x_adc.o(.text)
    ADC_GetSoftwareStartConvStatus           0x08001c9b   Thumb Code    14  stm32f10x_adc.o(.text)
    ADC_DiscModeChannelCountConfig           0x08001ca9   Thumb Code    16  stm32f10x_adc.o(.text)
    ADC_DiscModeCmd                          0x08001cb9   Thumb Code    20  stm32f10x_adc.o(.text)
    ADC_RegularChannelConfig                 0x08001ccd   Thumb Code   116  stm32f10x_adc.o(.text)
    ADC_ExternalTrigConvCmd                  0x08001d41   Thumb Code    20  stm32f10x_adc.o(.text)
    ADC_GetConversionValue                   0x08001d55   Thumb Code     6  stm32f10x_adc.o(.text)
    ADC_GetDualModeConversionValue           0x08001d5b   Thumb Code     8  stm32f10x_adc.o(.text)
    ADC_AutoInjectedConvCmd                  0x08001d63   Thumb Code    20  stm32f10x_adc.o(.text)
    ADC_InjectedDiscModeCmd                  0x08001d77   Thumb Code    20  stm32f10x_adc.o(.text)
    ADC_ExternalTrigInjectedConvConfig       0x08001d8b   Thumb Code    12  stm32f10x_adc.o(.text)
    ADC_ExternalTrigInjectedConvCmd          0x08001d97   Thumb Code    20  stm32f10x_adc.o(.text)
    ADC_SoftwareStartInjectedConvCmd         0x08001dab   Thumb Code    20  stm32f10x_adc.o(.text)
    ADC_GetSoftwareStartInjectedConvCmdStatus 0x08001dbf   Thumb Code    14  stm32f10x_adc.o(.text)
    ADC_InjectedChannelConfig                0x08001dcd   Thumb Code    74  stm32f10x_adc.o(.text)
    ADC_InjectedSequencerLengthConfig        0x08001e17   Thumb Code    16  stm32f10x_adc.o(.text)
    ADC_SetInjectedOffset                    0x08001e27   Thumb Code    10  stm32f10x_adc.o(.text)
    ADC_GetInjectedConversionValue           0x08001e31   Thumb Code    14  stm32f10x_adc.o(.text)
    ADC_AnalogWatchdogCmd                    0x08001e3f   Thumb Code    12  stm32f10x_adc.o(.text)
    ADC_AnalogWatchdogThresholdsConfig       0x08001e4b   Thumb Code     6  stm32f10x_adc.o(.text)
    ADC_AnalogWatchdogSingleChannelConfig    0x08001e51   Thumb Code    12  stm32f10x_adc.o(.text)
    ADC_TempSensorVrefintCmd                 0x08001e5d   Thumb Code    24  stm32f10x_adc.o(.text)
    ADC_GetFlagStatus                        0x08001e75   Thumb Code    14  stm32f10x_adc.o(.text)
    ADC_ClearFlag                            0x08001e83   Thumb Code     6  stm32f10x_adc.o(.text)
    ADC_GetITStatus                          0x08001e89   Thumb Code    28  stm32f10x_adc.o(.text)
    ADC_ClearITPendingBit                    0x08001ea5   Thumb Code     8  stm32f10x_adc.o(.text)
    DMA_DeInit                               0x08001ec5   Thumb Code   218  stm32f10x_dma.o(.text)
    DMA_Init                                 0x08001f9f   Thumb Code    58  stm32f10x_dma.o(.text)
    DMA_StructInit                           0x08001fd9   Thumb Code    26  stm32f10x_dma.o(.text)
    DMA_Cmd                                  0x08001ff3   Thumb Code    22  stm32f10x_dma.o(.text)
    DMA_ITConfig                             0x08002009   Thumb Code    16  stm32f10x_dma.o(.text)
    DMA_SetCurrDataCounter                   0x08002019   Thumb Code     4  stm32f10x_dma.o(.text)
    DMA_GetCurrDataCounter                   0x0800201d   Thumb Code     6  stm32f10x_dma.o(.text)
    DMA_GetFlagStatus                        0x08002023   Thumb Code    28  stm32f10x_dma.o(.text)
    DMA_ClearFlag                            0x0800203f   Thumb Code    20  stm32f10x_dma.o(.text)
    DMA_GetITStatus                          0x08002053   Thumb Code    28  stm32f10x_dma.o(.text)
    DMA_ClearITPendingBit                    0x0800206f   Thumb Code    20  stm32f10x_dma.o(.text)
    DAC_DeInit                               0x0800208d   Thumb Code    24  stm32f10x_dac.o(.text)
    DAC_Init                                 0x080020a5   Thumb Code    36  stm32f10x_dac.o(.text)
    DAC_StructInit                           0x080020c9   Thumb Code    12  stm32f10x_dac.o(.text)
    DAC_Cmd                                  0x080020d5   Thumb Code    20  stm32f10x_dac.o(.text)
    DAC_ITConfig                             0x080020e9   Thumb Code    18  stm32f10x_dac.o(.text)
    DAC_DMACmd                               0x080020fb   Thumb Code    20  stm32f10x_dac.o(.text)
    DAC_SoftwareTriggerCmd                   0x0800210f   Thumb Code    26  stm32f10x_dac.o(.text)
    DAC_DualSoftwareTriggerCmd               0x08002129   Thumb Code    24  stm32f10x_dac.o(.text)
    DAC_WaveGenerationCmd                    0x08002141   Thumb Code    18  stm32f10x_dac.o(.text)
    DAC_SetChannel1Data                      0x08002153   Thumb Code    14  stm32f10x_dac.o(.text)
    DAC_SetChannel2Data                      0x08002161   Thumb Code    14  stm32f10x_dac.o(.text)
    DAC_SetDualChannelData                   0x0800216f   Thumb Code    22  stm32f10x_dac.o(.text)
    DAC_GetDataOutputValue                   0x08002185   Thumb Code    18  stm32f10x_dac.o(.text)
    DAC_GetFlagStatus                        0x08002197   Thumb Code    20  stm32f10x_dac.o(.text)
    DAC_ClearFlag                            0x080021ab   Thumb Code    10  stm32f10x_dac.o(.text)
    DAC_GetITStatus                          0x080021b5   Thumb Code    30  stm32f10x_dac.o(.text)
    DAC_ClearITPendingBit                    0x080021d3   Thumb Code    10  stm32f10x_dac.o(.text)
    IWDG_WriteAccessCmd                      0x080021e1   Thumb Code     6  stm32f10x_iwdg.o(.text)
    IWDG_SetPrescaler                        0x080021e7   Thumb Code     6  stm32f10x_iwdg.o(.text)
    IWDG_SetReload                           0x080021ed   Thumb Code     6  stm32f10x_iwdg.o(.text)
    IWDG_ReloadCounter                       0x080021f3   Thumb Code    10  stm32f10x_iwdg.o(.text)
    IWDG_Enable                              0x080021fd   Thumb Code    10  stm32f10x_iwdg.o(.text)
    IWDG_GetFlagStatus                       0x08002207   Thumb Code    16  stm32f10x_iwdg.o(.text)
    PWR_DeInit                               0x0800221d   Thumb Code    24  stm32f10x_pwr.o(.text)
    PWR_BackupAccessCmd                      0x08002235   Thumb Code     6  stm32f10x_pwr.o(.text)
    PWR_PVDCmd                               0x0800223b   Thumb Code     6  stm32f10x_pwr.o(.text)
    PWR_PVDLevelConfig                       0x08002241   Thumb Code    14  stm32f10x_pwr.o(.text)
    PWR_WakeUpPinCmd                         0x0800224f   Thumb Code     8  stm32f10x_pwr.o(.text)
    PWR_EnterSTOPMode                        0x08002257   Thumb Code    42  stm32f10x_pwr.o(.text)
    PWR_EnterSTANDBYMode                     0x08002281   Thumb Code    32  stm32f10x_pwr.o(.text)
    PWR_GetFlagStatus                        0x080022a1   Thumb Code    16  stm32f10x_pwr.o(.text)
    PWR_ClearFlag                            0x080022b1   Thumb Code    12  stm32f10x_pwr.o(.text)
    NMI_Handler                              0x080022c9   Thumb Code     2  stm32f10x_it.o(.text)
    HardFault_Handler                        0x080022cb   Thumb Code     2  stm32f10x_it.o(.text)
    MemManage_Handler                        0x080022cd   Thumb Code     2  stm32f10x_it.o(.text)
    BusFault_Handler                         0x080022cf   Thumb Code     2  stm32f10x_it.o(.text)
    UsageFault_Handler                       0x080022d1   Thumb Code     2  stm32f10x_it.o(.text)
    SVC_Handler                              0x080022d3   Thumb Code     2  stm32f10x_it.o(.text)
    DebugMon_Handler                         0x080022d5   Thumb Code     2  stm32f10x_it.o(.text)
    PendSV_Handler                           0x080022d7   Thumb Code     2  stm32f10x_it.o(.text)
    SysTick_Handler                          0x080022d9   Thumb Code     2  stm32f10x_it.o(.text)
    EXTI9_5_IRQHandler                       0x080022db   Thumb Code     2  stm32f10x_it.o(.text)
    USART1_IRQHandler                        0x080022dd   Thumb Code     2  stm32f10x_it.o(.text)
    SMG_data_update                          0x080022e1   Thumb Code    36  display.o(.text)
    ButtonMappingDisplay                     0x08002305   Thumb Code    82  display.o(.text)
    takeoffLED                               0x08002357   Thumb Code    22  display.o(.text)
    GetIntNumber                             0x0800236d   Thumb Code    24  display.o(.text)
    SMG_DisplayModeONE                       0x08002385   Thumb Code   228  display.o(.text)
    SMG_DisplayModeONE_Detect_AREA_HI        0x08002469   Thumb Code   252  display.o(.text)
    SMG_DisplayModeONE_Detect_AREA_LO        0x08002565   Thumb Code   250  display.o(.text)
    SMG_DisplayModeTWO                       0x0800265f   Thumb Code    38  display.o(.text)
    SMG_DisplayModeTHIRD                     0x08002685   Thumb Code   144  display.o(.text)
    SMG_DisplayModeDETECT                    0x08002715   Thumb Code    48  display.o(.text)
    SMG_DisplaSV                             0x08002745   Thumb Code   156  display.o(.text)
    SMG_DisplaCSV                            0x080027e1   Thumb Code   158  display.o(.text)
    SMG_DisplayFSV                           0x0800287f   Thumb Code   158  display.o(.text)
    SMG_DisplayMenuTwo_TOFF                  0x0800291d   Thumb Code    52  display.o(.text)
    SMG_DisplayMenuTwo_OFFD                  0x08002951   Thumb Code    52  display.o(.text)
    SMG_DisplayMenuTwo_OFFD_SET              0x08002985   Thumb Code   264  display.o(.text)
    SMG_DisplayMenuTwo_ON_Delay              0x08002a8d   Thumb Code    54  display.o(.text)
    SMG_DisplayMenuTwo_ON_Delay_SET          0x08002ac3   Thumb Code   280  display.o(.text)
    SMG_DisplayMenuTwo_SHOT                  0x08002bdb   Thumb Code    54  display.o(.text)
    SMG_DisplayMenuTwo_SHOT_SET              0x08002c11   Thumb Code   266  display.o(.text)
    SMG_DisplayMenuTwo_DEL                   0x08002d1b   Thumb Code    50  display.o(.text)
    SMG_DisplayMenuTwo_DEL_SET               0x08002d4d   Thumb Code   264  display.o(.text)
    SMG_DisplaySET_Step_1_Mode               0x08002e55   Thumb Code   214  display.o(.text)
    SMG_DisplaySET_Step_2_Mode               0x08002f2b   Thumb Code   224  display.o(.text)
    SMG_DisplayOUT_STATUS                    0x0800300b   Thumb Code    62  display.o(.text)
    END_Display                              0x08003049   Thumb Code    50  display.o(.text)
    Dust_Display                             0x0800307b   Thumb Code    30  display.o(.text)
    ParameterDisplay                         0x08003099   Thumb Code    28  display.o(.text)
    SMG_DisplayATT100                        0x080030b5   Thumb Code   210  display.o(.text)
    SMG_DisplayPERCENTAGE                    0x08003187   Thumb Code    78  display.o(.text)
    SMG_DisplayMenuDSC                       0x080031d5   Thumb Code    40  display.o(.text)
    SMG_Init                                 0x080031fd   Thumb Code     2  display.o(.text)
    send_seg_RP0                             0x080031ff   Thumb Code   140  display.o(.text)
    send_bit_RP1                             0x0800328b   Thumb Code   134  display.o(.text)
    SMG_Diplay                               0x08003311   Thumb Code    66  display.o(.text)
    Button_Init                              0x08003375   Thumb Code   202  key.o(.text)
    PressCallback                            0x0800343f   Thumb Code    64  key.o(.text)
    ReadButtonStatus                         0x0800347f   Thumb Code    38  key.o(.text)
    Key_Scan                                 0x080034a5   Thumb Code   320  key.o(.text)
    MenuTwo_OUT1_SHOT                        0x080035f1   Thumb Code   482  menu.o(.text)
    MenuTwo_OUT1_ON_D                        0x080037d3   Thumb Code   480  menu.o(.text)
    MenuTwo_OUT1_OFFD                        0x080039b3   Thumb Code   482  menu.o(.text)
    MenuTwo_OUT1_TOFF                        0x08003b95   Thumb Code    30  menu.o(.text)
    MenuTwo_OUT1_DelaySET                    0x08003bb3   Thumb Code   398  menu.o(.text)
    MenuOne_CSV                              0x08003d41   Thumb Code   380  menu.o(.text)
    menu                                     0x08003ebd   Thumb Code   338  menu.o(.text)
    MenuOne_ATT100                           0x0800400f   Thumb Code   340  menu.o(.text)
    Menu_PERCENTAGE                          0x08004163   Thumb Code   412  menu.o(.text)
    Menu_DSC                                 0x080042ff   Thumb Code   112  menu.o(.text)
    MenuOne_SV                               0x0800436f   Thumb Code   334  menu.o(.text)
    MenuOne_FSV                              0x080044bd   Thumb Code   334  menu.o(.text)
    MenuTwo_DEL                              0x0800460b   Thumb Code   386  menu.o(.text)
    InitInternalFlash                        0x08004795   Thumb Code    34  flash.o(.text)
    WriteInternalFlash                       0x080047b7   Thumb Code    36  flash.o(.text)
    EraseFlash                               0x080047db   Thumb Code    82  flash.o(.text)
    WriteFlash                               0x0800482d   Thumb Code    54  flash.o(.text)
    ReadFlash                                0x08004863   Thumb Code    26  flash.o(.text)
    SelfStudy_End                            0x080048b5   Thumb Code   180  selfstudy.o(.text)
    SelfStudy_SET2                           0x08004969   Thumb Code    34  selfstudy.o(.text)
    SelfStudy_SET1                           0x0800498b   Thumb Code    34  selfstudy.o(.text)
    selfstudy                                0x080049ad   Thumb Code   200  selfstudy.o(.text)
    JudgeSvalue                              0x08004a75   Thumb Code    56  selfstudy.o(.text)
    fputc                                    0x08004af9   Thumb Code    30  main.o(.text)
    DelaymsSet                               0x08004b17   Thumb Code    10  main.o(.text)
    TIM4_IRQHandler                          0x08004b21   Thumb Code    30  main.o(.text)
    TIM2_IRQHandler                          0x08004b3f   Thumb Code   180  main.o(.text)
    TIM1_BRK_UP_TRG_COM_IRQHandler           0x08004bf3   Thumb Code    30  main.o(.text)
    TIM3_IRQHandler                          0x08004c11   Thumb Code    30  main.o(.text)
    bsp_init                                 0x08004c2f   Thumb Code    56  main.o(.text)
    ProgramCheck                             0x08004c67   Thumb Code    66  main.o(.text)
    IWDG_Config                              0x08004ca9   Thumb Code    48  main.o(.text)
    Formula_100                              0x08004cd9   Thumb Code   126  main.o(.text)
    FlashCheck                               0x08004d57   Thumb Code    60  main.o(.text)
    main                                     0x08004d93   Thumb Code    26  main.o(.text)
    Formula_CRC16                            0x08004dad   Thumb Code    58  main.o(.text)
    DeleteMaxAndMinGetAverage                0x08004e35   Thumb Code    70  project.o(.text)
    GetSum                                   0x08004e7b   Thumb Code    24  project.o(.text)
    GetAverage                               0x08004e93   Thumb Code    26  project.o(.text)
    ClearData                                0x08004ead   Thumb Code    16  project.o(.text)
    CPV_SET_OUT                              0x08004ebd   Thumb Code    58  project.o(.text)
    JudgeDX                                  0x08004ef7   Thumb Code     2  project.o(.text)
    JudgeTX                                  0x08004ef9   Thumb Code    58  project.o(.text)
    SetOUT2Status                            0x08004f33   Thumb Code    60  project.o(.text)
    SetOUT1Status                            0x08004f6f   Thumb Code   254  project.o(.text)
    DMA1_Channel1_IRQHandler                 0x0800506d   Thumb Code   656  project.o(.text)
    ADCDispalyProcess                        0x080052fd   Thumb Code    28  project.o(.text)
    GetRegisterAState                        0x08005319   Thumb Code    24  project.o(.text)
    GetTotalADCValue                         0x08005331   Thumb Code    14  project.o(.text)
    Get_SA_Value                             0x0800533f   Thumb Code     2  project.o(.text)
    Get_SB_Value                             0x08005341   Thumb Code     2  project.o(.text)
    Get_S1_Value                             0x08005343   Thumb Code     2  project.o(.text)
    Get_S2_Value                             0x08005345   Thumb Code     2  project.o(.text)
    Dac1_Get_Vol                             0x08005347   Thumb Code     6  project.o(.text)
    Test_Delay                               0x0800534d   Thumb Code    22  project.o(.text)
    ResetParameter                           0x08005363   Thumb Code   284  project.o(.text)
    ButtonMapping                            0x0800547f   Thumb Code   308  project.o(.text)
    DisplayModeTHIRD                         0x080055b3   Thumb Code    26  project.o(.text)
    DisplayModeONE_STD                       0x080055cd   Thumb Code   458  project.o(.text)
    DisplayModeONE_AREA                      0x08005797   Thumb Code   898  project.o(.text)
    DisplayModeONE                           0x08005b19   Thumb Code    34  project.o(.text)
    DisplayMODE                              0x08005b3b   Thumb Code   368  project.o(.text)
    GetEEPROM                                0x08005cab   Thumb Code   116  project.o(.text)
    Main_Function                            0x08005d1f   Thumb Code    48  project.o(.text)
    CheckDust                                0x08005d4f   Thumb Code    22  project.o(.text)
    DisplayModeTWO                           0x08005d65   Thumb Code   104  project.o(.text)
    DEL_Set                                  0x08005dcd   Thumb Code   236  project.o(.text)
    DisplayModeFour                          0x08005eb9   Thumb Code     2  project.o(.text)
    SetRegisterA                             0x08005ebb   Thumb Code   162  project.o(.text)
    SetOUT3Status                            0x08005f5d   Thumb Code    24  project.o(.text)
    ShortCircuitProtection                   0x08005f75   Thumb Code   144  project.o(.text)
    RCC_Configuration                        0x08006009   Thumb Code    94  bsp_init.o(.text)
    SMG_GPIO_INIT                            0x08006067   Thumb Code   508  bsp_init.o(.text)
    IO_GPIO_INIT                             0x08006263   Thumb Code   156  bsp_init.o(.text)
    TIM4_init                                0x080062ff   Thumb Code   174  bsp_init.o(.text)
    TIM3_init                                0x080063ad   Thumb Code   112  bsp_init.o(.text)
    TIM2_PWM_OUT_Init                        0x0800641d   Thumb Code   208  bsp_init.o(.text)
    TIM2_init                                0x080064ed   Thumb Code   114  bsp_init.o(.text)
    TIM1_Init                                0x0800655f   Thumb Code   196  bsp_init.o(.text)
    ADC1_GPIO_Config                         0x08006623   Thumb Code    32  bsp_init.o(.text)
    ADC1_DMA1_Init                           0x08006643   Thumb Code   126  bsp_init.o(.text)
    ADC1_Init                                0x080066c1   Thumb Code   126  bsp_init.o(.text)
    ADC1_Configuration                       0x0800673f   Thumb Code    16  bsp_init.o(.text)
    DAC_GPIO_Init                            0x0800674f   Thumb Code     8  bsp_init.o(.text)
    DAC_OUT_Init                             0x08006757   Thumb Code    58  bsp_init.o(.text)
    DAC_Configuration                        0x08006791   Thumb Code    12  bsp_init.o(.text)
    __use_two_region_memory                  0x080067b1   Thumb Code     2  heapauxi.o(.text)
    __rt_heap_escrow$2region                 0x080067b3   Thumb Code     2  heapauxi.o(.text)
    __rt_heap_expand$2region                 0x080067b5   Thumb Code     2  heapauxi.o(.text)
    __user_setup_stackheap                   0x080067b7   Thumb Code    74  sys_stackheap_outer.o(.text)
    exit                                     0x08006801   Thumb Code    12  exit.o(.text)
    __user_libspace                          0x0800680d   Thumb Code     8  libspace.o(.text)
    __user_perproc_libspace                  0x0800680d   Thumb Code     0  libspace.o(.text)
    __user_perthread_libspace                0x0800680d   Thumb Code     0  libspace.o(.text)
    _sys_exit                                0x08006815   Thumb Code     8  sys_exit.o(.text)
    __I$use$semihosting                      0x08006821   Thumb Code     0  use_no_semi.o(.text)
    __use_no_semihosting_swi                 0x08006821   Thumb Code     2  use_no_semi.o(.text)
    __semihosting_library_function           0x08006823   Thumb Code     0  indicate_semi.o(.text)
    __aeabi_dadd                             0x08006825   Thumb Code     0  daddsub_clz.o(x$fpl$dadd)
    _dadd                                    0x08006825   Thumb Code   332  daddsub_clz.o(x$fpl$dadd)
    __fpl_dcheck_NaN1                        0x08006975   Thumb Code    10  dcheck1.o(x$fpl$dcheck1)
    __fpl_dcmp_Inf                           0x08006985   Thumb Code    24  dcmpi.o(x$fpl$dcmpinf)
    __aeabi_i2d                              0x0800699d   Thumb Code     0  dflt_clz.o(x$fpl$dflt)
    _dflt                                    0x0800699d   Thumb Code    46  dflt_clz.o(x$fpl$dflt)
    __aeabi_cdcmple                          0x080069cd   Thumb Code     0  dleqf.o(x$fpl$dleqf)
    _dcmple                                  0x080069cd   Thumb Code   120  dleqf.o(x$fpl$dleqf)
    __fpl_dcmple_InfNaN                      0x08006a2f   Thumb Code     0  dleqf.o(x$fpl$dleqf)
    __fpl_dnaninf                            0x08006a45   Thumb Code   156  dnaninf.o(x$fpl$dnaninf)
    __fpl_dretinf                            0x08006ae1   Thumb Code    12  dretinf.o(x$fpl$dretinf)
    __aeabi_cdrcmple                         0x08006aed   Thumb Code     0  drleqf.o(x$fpl$drleqf)
    _drcmple                                 0x08006aed   Thumb Code   108  drleqf.o(x$fpl$drleqf)
    __aeabi_dsub                             0x08006b59   Thumb Code     0  daddsub_clz.o(x$fpl$dsub)
    _dsub                                    0x08006b59   Thumb Code   464  daddsub_clz.o(x$fpl$dsub)
    __aeabi_f2d                              0x08006d2d   Thumb Code     0  f2d.o(x$fpl$f2d)
    _f2d                                     0x08006d2d   Thumb Code    86  f2d.o(x$fpl$f2d)
    __aeabi_fadd                             0x08006d85   Thumb Code     0  faddsub_clz.o(x$fpl$fadd)
    _fadd                                    0x08006d85   Thumb Code   196  faddsub_clz.o(x$fpl$fadd)
    __fpl_fcmp_Inf                           0x08006e49   Thumb Code    24  fcmpi.o(x$fpl$fcmpinf)
    __aeabi_f2iz                             0x08006e61   Thumb Code     0  ffix.o(x$fpl$ffix)
    _ffix                                    0x08006e61   Thumb Code    54  ffix.o(x$fpl$ffix)
    __aeabi_f2uiz                            0x08006e99   Thumb Code     0  ffixu.o(x$fpl$ffixu)
    _ffixu                                   0x08006e99   Thumb Code    62  ffixu.o(x$fpl$ffixu)
    __aeabi_i2f                              0x08006ed9   Thumb Code     0  fflt_clz.o(x$fpl$fflt)
    _fflt                                    0x08006ed9   Thumb Code    48  fflt_clz.o(x$fpl$fflt)
    __aeabi_cfcmple                          0x08006f09   Thumb Code     0  fleqf.o(x$fpl$fleqf)
    _fcmple                                  0x08006f09   Thumb Code   104  fleqf.o(x$fpl$fleqf)
    __fpl_fcmple_InfNaN                      0x08006f5b   Thumb Code     0  fleqf.o(x$fpl$fleqf)
    __fpl_fnaninf                            0x08006f71   Thumb Code   140  fnaninf.o(x$fpl$fnaninf)
    __fpl_fretinf                            0x08006ffd   Thumb Code    10  fretinf.o(x$fpl$fretinf)
    __aeabi_cfrcmple                         0x08007007   Thumb Code     0  frleqf.o(x$fpl$frleqf)
    _frcmple                                 0x08007007   Thumb Code    98  frleqf.o(x$fpl$frleqf)
    __aeabi_fsub                             0x08007069   Thumb Code     0  faddsub_clz.o(x$fpl$fsub)
    _fsub                                    0x08007069   Thumb Code   234  faddsub_clz.o(x$fpl$fsub)
    __fpl_return_NaN                         0x08007153   Thumb Code   100  retnan.o(x$fpl$retnan)
    __ARM_scalbn                             0x080071b7   Thumb Code    92  scalbn.o(x$fpl$scalbn)
    __fpl_cmpreturn                          0x08007213   Thumb Code    48  trapv.o(x$fpl$trapveneer)
    __I$use$fp                               0x08007242   Number         0  usenofp.o(x$fpl$usenofp)
    data_SMG_bit_table                       0x08007242   Data          18  display.o(.constdata)
    data_SMG_seg_table                       0x08007254   Data          80  display.o(.constdata)
    Region$$Table$$Base                      0x080072a4   Number         0  anon$$obj.o(Region$$Table)
    Region$$Table$$Limit                     0x080072c4   Number         0  anon$$obj.o(Region$$Table)
    SystemCoreClock                          0x20000000   Data           4  system_stm32f10x.o(.data)
    AHBPrescTable                            0x20000004   Data          16  system_stm32f10x.o(.data)
    SMG_BIT                                  0x20000028   Data           1  display.o(.data)
    SMG_Data                                 0x20000034   Data           8  display.o(.data)
    PERCENTAGE                               0x2000003c   Data           1  menu.o(.data)
    DSC                                      0x2000003d   Data           1  menu.o(.data)
    DispalyNo                                0x2000003e   Data           1  menu.o(.data)
    FSV                                      0x2000004c   Data           2  menu.o(.data)
    ATT100                                   0x2000004e   Data           2  menu.o(.data)
    CSV                                      0x20000050   Data           4  menu.o(.data)
    SV                                       0x20000054   Data           4  menu.o(.data)
    OUT1_Mode                                0x20000058   Data           8  menu.o(.data)
    tempflashdata                            0x20000060   Data           4  flash.o(.data)
    SelftStudyflag                           0x20000064   Data           1  selfstudy.o(.data)
    selfDisplayEndFlay                       0x20000065   Data           1  selfstudy.o(.data)
    NewThreshold                             0x20000068   Data           4  selfstudy.o(.data)
    S1_MaxValue                              0x2000006c   Data           4  selfstudy.o(.data)
    S2_MaxValue                              0x20000070   Data           4  selfstudy.o(.data)
    CheckFLag                                0x20000074   Data           1  main.o(.data)
    Fml_CRC16                                0x20000076   Data           2  main.o(.data)
    ProgramCounter                           0x20000078   Data           4  main.o(.data)
    UID                                      0x2000007c   Data           4  main.o(.data)
    C                                        0x20000080   Data           4  main.o(.data)
    timenum                                  0x20000084   Data           4  main.o(.data)
    FormulaResult                            0x20000088   Data           4  main.o(.data)
    FormulaCheck                             0x2000008c   Data           4  main.o(.data)
    UIDFlashResult                           0x20000090   Data           4  main.o(.data)
    Fml_Constant                             0x20000094   Data           4  main.o(.data)
    timeflag                                 0x20000098   Data           1  project.o(.data)
    LastOUT1                                 0x20000099   Data           1  project.o(.data)
    RegisterA                                0x2000009a   Data           1  project.o(.data)
    RegisterB                                0x2000009b   Data           1  project.o(.data)
    RegisterC                                0x2000009c   Data           1  project.o(.data)
    OUT1                                     0x2000009d   Data           1  project.o(.data)
    OUT2                                     0x2000009e   Data           1  project.o(.data)
    OUT3                                     0x2000009f   Data           1  project.o(.data)
    KEY                                      0x200000a0   Data           1  project.o(.data)
    ConfirmShortCircuit                      0x200000a1   Data           1  project.o(.data)
    KeyMappingFlag                           0x200000a2   Data           1  project.o(.data)
    ShortCircuit                             0x200000a3   Data           1  project.o(.data)
    displayModeONE_FLAG                      0x200000a4   Data           1  project.o(.data)
    DisplayModeNo                            0x200000a5   Data           1  project.o(.data)
    FX_Flag                                  0x200000a6   Data           1  project.o(.data)
    sample_finish                            0x200000a7   Data           1  project.o(.data)
    SHOTflag                                 0x200000a8   Data           1  project.o(.data)
    CPV_Status                               0x200000a9   Data           1  project.o(.data)
    LastDSC                                  0x200000ae   Data           1  project.o(.data)
    DEL                                      0x200000b0   Data           2  project.o(.data)
    HI                                       0x200000b2   Data           2  project.o(.data)
    LO                                       0x200000b4   Data           2  project.o(.data)
    OUT2_TimerCounter                        0x200000b6   Data           2  project.o(.data)
    OUT3_TimerCounter                        0x200000b8   Data           2  project.o(.data)
    Threshold                                0x200000ba   Data           2  project.o(.data)
    DX                                       0x200000bc   Data           2  project.o(.data)
    DX_Index                                 0x200000be   Data           2  project.o(.data)
    Min_DX                                   0x200000c0   Data           2  project.o(.data)
    Max_DX                                   0x200000c2   Data           2  project.o(.data)
    FX                                       0x200000c4   Data           2  project.o(.data)
    DMA_ADC_Counter                          0x200000c6   Data           2  project.o(.data)
    DealyBaseTime                            0x200000d0   Data           4  project.o(.data)
    ADC_Display                              0x200000d4   Data           4  project.o(.data)
    DACOUT1                                  0x200000d8   Data           4  project.o(.data)
    CPV                                      0x200000dc   Data           4  project.o(.data)
    ShortCircuitCounter                      0x200000e0   Data           4  project.o(.data)
    ShortCircuitLastTime                     0x200000e4   Data           4  project.o(.data)
    ShortCircuitTimer                        0x200000e8   Data           4  project.o(.data)
    SA                                       0x200000ec   Data           4  project.o(.data)
    SA_Sum                                   0x200000f0   Data           4  project.o(.data)
    Final_1                                  0x200000f4   Data           4  project.o(.data)
    Final                                    0x200000f8   Data           4  project.o(.data)
    TX_Index                                 0x200000fc   Data           4  project.o(.data)
    TX                                       0x20000100   Data           4  project.o(.data)
    TX_Sum                                   0x20000104   Data           4  project.o(.data)
    SET_VREF                                 0x20000108   Data           4  project.o(.data)
    DMA_Counter                              0x2000010c   Data           4  project.o(.data)
    tempPress                                0x20000110   Data           4  project.o(.data)
    EventFlag                                0x20000114   Data           1  project.o(.data)
    DX_Flag                                  0x20000115   Data           1  project.o(.data)
    adc_dma_tab                              0x20000116   Data           2  bsp_init.o(.data)
    SMG_data_Decode_table                    0x20000118   Data           9  display.o(.bss)
    SetButton                                0x20000124   Data          32  key.o(.bss)
    ModeButton                               0x20000144   Data          32  key.o(.bss)
    UpButton                                 0x20000164   Data          32  key.o(.bss)
    DownButton                               0x20000184   Data          32  key.o(.bss)
    SysClock                                 0x200001a4   Data          20  main.o(.bss)
    D                                        0x200001b8   Data          12  main.o(.bss)
    __libspace_start                         0x200001c4   Data          96  libspace.o(.bss)
    __temporary_stack_top$libspace           0x20000224   Data           0  libspace.o(.bss)



==============================================================================

Memory Map of the image

  Image Entry point : 0x080000ed

  Load Region LR_IROM1 (Base: 0x08000000, Size: 0x000073dc, Max: 0x00010000, ABSOLUTE)

    Execution Region ER_IROM1 (Base: 0x08000000, Size: 0x000072c4, Max: 0x00010000, ABSOLUTE)

    Base Addr    Size         Type   Attr      Idx    E Section Name        Object

    0x08000000   0x000000ec   Data   RO           59    RESET               startup_stm32f10x_md.o
    0x080000ec   0x00000008   Code   RO          558  * !!!main             c_w.l(__main.o)
    0x080000f4   0x00000034   Code   RO          777    !!!scatter          c_w.l(__scatter.o)
    0x08000128   0x0000001a   Code   RO          779    !!handler_copy      c_w.l(__scatter_copy.o)
    0x08000142   0x00000002   PAD
    0x08000144   0x0000001c   Code   RO          781    !!handler_zi        c_w.l(__scatter_zi.o)
    0x08000160   0x00000002   Code   RO          646    .ARM.Collect$$libinit$$00000000  c_w.l(libinit.o)
    0x08000162   0x00000000   Code   RO          655    .ARM.Collect$$libinit$$00000002  c_w.l(libinit2.o)
    0x08000162   0x00000000   Code   RO          657    .ARM.Collect$$libinit$$00000004  c_w.l(libinit2.o)
    0x08000162   0x00000000   Code   RO          660    .ARM.Collect$$libinit$$0000000A  c_w.l(libinit2.o)
    0x08000162   0x00000000   Code   RO          662    .ARM.Collect$$libinit$$0000000C  c_w.l(libinit2.o)
    0x08000162   0x00000000   Code   RO          664    .ARM.Collect$$libinit$$0000000E  c_w.l(libinit2.o)
    0x08000162   0x00000000   Code   RO          667    .ARM.Collect$$libinit$$00000011  c_w.l(libinit2.o)
    0x08000162   0x00000000   Code   RO          669    .ARM.Collect$$libinit$$00000013  c_w.l(libinit2.o)
    0x08000162   0x00000000   Code   RO          671    .ARM.Collect$$libinit$$00000015  c_w.l(libinit2.o)
    0x08000162   0x00000000   Code   RO          673    .ARM.Collect$$libinit$$00000017  c_w.l(libinit2.o)
    0x08000162   0x00000000   Code   RO          675    .ARM.Collect$$libinit$$00000019  c_w.l(libinit2.o)
    0x08000162   0x00000000   Code   RO          677    .ARM.Collect$$libinit$$0000001B  c_w.l(libinit2.o)
    0x08000162   0x00000000   Code   RO          679    .ARM.Collect$$libinit$$0000001D  c_w.l(libinit2.o)
    0x08000162   0x00000000   Code   RO          681    .ARM.Collect$$libinit$$0000001F  c_w.l(libinit2.o)
    0x08000162   0x00000000   Code   RO          683    .ARM.Collect$$libinit$$00000021  c_w.l(libinit2.o)
    0x08000162   0x00000000   Code   RO          685    .ARM.Collect$$libinit$$00000023  c_w.l(libinit2.o)
    0x08000162   0x00000000   Code   RO          687    .ARM.Collect$$libinit$$00000025  c_w.l(libinit2.o)
    0x08000162   0x00000000   Code   RO          691    .ARM.Collect$$libinit$$0000002C  c_w.l(libinit2.o)
    0x08000162   0x00000000   Code   RO          693    .ARM.Collect$$libinit$$0000002E  c_w.l(libinit2.o)
    0x08000162   0x00000000   Code   RO          695    .ARM.Collect$$libinit$$00000030  c_w.l(libinit2.o)
    0x08000162   0x00000000   Code   RO          697    .ARM.Collect$$libinit$$00000032  c_w.l(libinit2.o)
    0x08000162   0x00000002   Code   RO          698    .ARM.Collect$$libinit$$00000033  c_w.l(libinit2.o)
    0x08000164   0x00000002   Code   RO          718    .ARM.Collect$$libshutdown$$00000000  c_w.l(libshutdown.o)
    0x08000166   0x00000000   Code   RO          732    .ARM.Collect$$libshutdown$$00000003  c_w.l(libshutdown2.o)
    0x08000166   0x00000000   Code   RO          735    .ARM.Collect$$libshutdown$$00000006  c_w.l(libshutdown2.o)
    0x08000166   0x00000000   Code   RO          738    .ARM.Collect$$libshutdown$$00000009  c_w.l(libshutdown2.o)
    0x08000166   0x00000000   Code   RO          740    .ARM.Collect$$libshutdown$$0000000B  c_w.l(libshutdown2.o)
    0x08000166   0x00000000   Code   RO          743    .ARM.Collect$$libshutdown$$0000000E  c_w.l(libshutdown2.o)
    0x08000166   0x00000002   Code   RO          744    .ARM.Collect$$libshutdown$$0000000F  c_w.l(libshutdown2.o)
    0x08000168   0x00000000   Code   RO          604    .ARM.Collect$$rtentry$$00000000  c_w.l(__rtentry.o)
    0x08000168   0x00000000   Code   RO          621    .ARM.Collect$$rtentry$$00000002  c_w.l(__rtentry2.o)
    0x08000168   0x00000006   Code   RO          633    .ARM.Collect$$rtentry$$00000004  c_w.l(__rtentry4.o)
    0x0800016e   0x00000000   Code   RO          623    .ARM.Collect$$rtentry$$00000009  c_w.l(__rtentry2.o)
    0x0800016e   0x00000004   Code   RO          624    .ARM.Collect$$rtentry$$0000000A  c_w.l(__rtentry2.o)
    0x08000172   0x00000000   Code   RO          626    .ARM.Collect$$rtentry$$0000000C  c_w.l(__rtentry2.o)
    0x08000172   0x00000008   Code   RO          627    .ARM.Collect$$rtentry$$0000000D  c_w.l(__rtentry2.o)
    0x0800017a   0x00000002   Code   RO          652    .ARM.Collect$$rtexit$$00000000  c_w.l(rtexit.o)
    0x0800017c   0x00000000   Code   RO          700    .ARM.Collect$$rtexit$$00000002  c_w.l(rtexit2.o)
    0x0800017c   0x00000004   Code   RO          701    .ARM.Collect$$rtexit$$00000003  c_w.l(rtexit2.o)
    0x08000180   0x00000006   Code   RO          702    .ARM.Collect$$rtexit$$00000004  c_w.l(rtexit2.o)
    0x08000186   0x00000002   PAD
    0x08000188   0x00000140   Code   RO           17    .text               system_stm32f10x.o
    0x080002c8   0x00000040   Code   RO           60    .text               startup_stm32f10x_md.o
    0x08000308   0x000002d8   Code   RO           64    .text               stm32f10x_rcc.o
    0x080005e0   0x00000328   Code   RO           82    .text               stm32f10x_usart.o
    0x08000908   0x0000026c   Code   RO           94    .text               stm32f10x_gpio.o
    0x08000b74   0x000000b0   Code   RO          106    .text               misc.o
    0x08000c24   0x0000047c   Code   RO          118    .text               stm32f10x_flash.o
    0x080010a0   0x00000af4   Code   RO          134    .text               stm32f10x_tim.o
    0x08001b94   0x00000330   Code   RO          150    .text               stm32f10x_adc.o
    0x08001ec4   0x000001c8   Code   RO          165    .text               stm32f10x_dma.o
    0x0800208c   0x00000154   Code   RO          180    .text               stm32f10x_dac.o
    0x080021e0   0x0000003c   Code   RO          210    .text               stm32f10x_iwdg.o
    0x0800221c   0x000000ac   Code   RO          225    .text               stm32f10x_pwr.o
    0x080022c8   0x00000016   Code   RO          280    .text               stm32f10x_it.o
    0x080022de   0x00000002   PAD
    0x080022e0   0x00001094   Code   RO          299    .text               display.o
    0x08003374   0x0000027c   Code   RO          332    .text               key.o
    0x080035f0   0x000011a4   Code   RO          353    .text               menu.o
    0x08004794   0x00000120   Code   RO          386    .text               flash.o
    0x080048b4   0x00000244   Code   RO          413    .text               selfstudy.o
    0x08004af8   0x0000033c   Code   RO          444    .text               main.o
    0x08004e34   0x000011d4   Code   RO          475    .text               project.o
    0x08006008   0x000007a8   Code   RO          532    .text               bsp_init.o
    0x080067b0   0x00000006   Code   RO          556    .text               c_w.l(heapauxi.o)
    0x080067b6   0x0000004a   Code   RO          637    .text               c_w.l(sys_stackheap_outer.o)
    0x08006800   0x0000000c   Code   RO          639    .text               c_w.l(exit.o)
    0x0800680c   0x00000008   Code   RO          649    .text               c_w.l(libspace.o)
    0x08006814   0x0000000c   Code   RO          710    .text               c_w.l(sys_exit.o)
    0x08006820   0x00000002   Code   RO          721    .text               c_w.l(use_no_semi.o)
    0x08006822   0x00000000   Code   RO          723    .text               c_w.l(indicate_semi.o)
    0x08006822   0x00000002   PAD
    0x08006824   0x00000150   Code   RO          560    x$fpl$dadd          fz_ws.l(daddsub_clz.o)
    0x08006974   0x00000010   Code   RO          605    x$fpl$dcheck1       fz_ws.l(dcheck1.o)
    0x08006984   0x00000018   Code   RO          607    x$fpl$dcmpinf       fz_ws.l(dcmpi.o)
    0x0800699c   0x0000002e   Code   RO          567    x$fpl$dflt          fz_ws.l(dflt_clz.o)
    0x080069ca   0x00000002   PAD
    0x080069cc   0x00000078   Code   RO          572    x$fpl$dleqf         fz_ws.l(dleqf.o)
    0x08006a44   0x0000009c   Code   RO          609    x$fpl$dnaninf       fz_ws.l(dnaninf.o)
    0x08006ae0   0x0000000c   Code   RO          611    x$fpl$dretinf       fz_ws.l(dretinf.o)
    0x08006aec   0x0000006c   Code   RO          574    x$fpl$drleqf        fz_ws.l(drleqf.o)
    0x08006b58   0x000001d4   Code   RO          562    x$fpl$dsub          fz_ws.l(daddsub_clz.o)
    0x08006d2c   0x00000056   Code   RO          576    x$fpl$f2d           fz_ws.l(f2d.o)
    0x08006d82   0x00000002   PAD
    0x08006d84   0x000000c4   Code   RO          578    x$fpl$fadd          fz_ws.l(faddsub_clz.o)
    0x08006e48   0x00000018   Code   RO          613    x$fpl$fcmpinf       fz_ws.l(fcmpi.o)
    0x08006e60   0x00000036   Code   RO          584    x$fpl$ffix          fz_ws.l(ffix.o)
    0x08006e96   0x00000002   PAD
    0x08006e98   0x0000003e   Code   RO          588    x$fpl$ffixu         fz_ws.l(ffixu.o)
    0x08006ed6   0x00000002   PAD
    0x08006ed8   0x00000030   Code   RO          593    x$fpl$fflt          fz_ws.l(fflt_clz.o)
    0x08006f08   0x00000068   Code   RO          598    x$fpl$fleqf         fz_ws.l(fleqf.o)
    0x08006f70   0x0000008c   Code   RO          615    x$fpl$fnaninf       fz_ws.l(fnaninf.o)
    0x08006ffc   0x0000000a   Code   RO          617    x$fpl$fretinf       fz_ws.l(fretinf.o)
    0x08007006   0x00000062   Code   RO          600    x$fpl$frleqf        fz_ws.l(frleqf.o)
    0x08007068   0x000000ea   Code   RO          580    x$fpl$fsub          fz_ws.l(faddsub_clz.o)
    0x08007152   0x00000064   Code   RO          635    x$fpl$retnan        fz_ws.l(retnan.o)
    0x080071b6   0x0000005c   Code   RO          602    x$fpl$scalbn        fz_ws.l(scalbn.o)
    0x08007212   0x00000030   Code   RO          647    x$fpl$trapveneer    fz_ws.l(trapv.o)
    0x08007242   0x00000000   Code   RO          619    x$fpl$usenofp       fz_ws.l(usenofp.o)
    0x08007242   0x00000062   Data   RO          301    .constdata          display.o
    0x080072a4   0x00000020   Data   RO          775    Region$$Table       anon$$obj.o


    Execution Region RW_IRAM1 (Base: 0x20000000, Size: 0x00000828, Max: 0x00002000, ABSOLUTE)

    Base Addr    Size         Type   Attr      Idx    E Section Name        Object

    0x20000000   0x00000014   Data   RW           18    .data               system_stm32f10x.o
    0x20000014   0x00000014   Data   RW           65    .data               stm32f10x_rcc.o
    0x20000028   0x00000014   Data   RW          302    .data               display.o
    0x2000003c   0x00000024   Data   RW          354    .data               menu.o
    0x20000060   0x00000004   Data   RW          398    .data               flash.o
    0x20000064   0x00000010   Data   RW          414    .data               selfstudy.o
    0x20000074   0x00000020   Data   RW          446    .data               main.o
    0x20000094   0x00000004   Data   RW          448    .data               main.o
    0x20000098   0x0000007c   Data   RW          480    .data               project.o
    0x20000114   0x00000001   Data   RW          486    .data               project.o
    0x20000115   0x00000001   Data   RW          495    .data               project.o
    0x20000116   0x00000002   Data   RW          533    .data               bsp_init.o
    0x20000118   0x00000009   Zero   RW          300    .bss                display.o
    0x20000121   0x00000003   PAD
    0x20000124   0x00000080   Zero   RW          333    .bss                key.o
    0x200001a4   0x00000020   Zero   RW          445    .bss                main.o
    0x200001c4   0x00000060   Zero   RW          650    .bss                c_w.l(libspace.o)
    0x20000224   0x00000004   PAD
    0x20000228   0x00000200   Zero   RW           58    HEAP                startup_stm32f10x_md.o
    0x20000428   0x00000400   Zero   RW           57    STACK               startup_stm32f10x_md.o


==============================================================================

Image component sizes


      Code (inc. data)   RO Data    RW Data    ZI Data      Debug   Object Name

      1960         44          0          2          0       4815   bsp_init.o
         0          0          0          0          0       4536   core_cm3.o
      4244         72         98         20          9      16394   display.o
       288         56          0          4          0       2654   flash.o
       636         12          0          0        128       3221   key.o
       828         78          0         36         32       5840   main.o
      4516        166          0         36          0       9630   menu.o
       176         14          0          0          0       1773   misc.o
      4564        256          0        126          0      15791   project.o
       580         76          0         16          0       3317   selfstudy.o
        64         26        236          0       1536        896   startup_stm32f10x_md.o
       816         24          0          0          0      18653   stm32f10x_adc.o
       340          4          0          0          0       9205   stm32f10x_dac.o
       456         10          0          0          0      14098   stm32f10x_dma.o
      1148         22          0          0          0      14508   stm32f10x_flash.o
       620         36          0          0          0       5037   stm32f10x_gpio.o
        22          0          0          0          0       1399   stm32f10x_it.o
        60          6          0          0          0       1225   stm32f10x_iwdg.o
       172         12          0          0          0       1807   stm32f10x_pwr.o
       728         38          0         20          0       8498   stm32f10x_rcc.o
      2804         86          0          0          0      38682   stm32f10x_tim.o
       808         22          0          0          0       7376   stm32f10x_usart.o
       320         30          0         20          0     231931   system_stm32f10x.o

    ----------------------------------------------------------------------
     26152       1090        366        280       1708     421286   Object Totals
         0          0         32          0          0          0   (incl. Generated)
         2          0          0          0          3          0   (incl. Padding)

    ----------------------------------------------------------------------

      Code (inc. data)   RO Data    RW Data    ZI Data      Debug   Library Member Name

         8          0          0          0          0         68   __main.o
         0          0          0          0          0          0   __rtentry.o
        12          0          0          0          0          0   __rtentry2.o
         6          0          0          0          0          0   __rtentry4.o
        52          8          0          0          0          0   __scatter.o
        26          0          0          0          0          0   __scatter_copy.o
        28          0          0          0          0          0   __scatter_zi.o
        12          0          0          0          0         72   exit.o
         6          0          0          0          0        152   heapauxi.o
         0          0          0          0          0          0   indicate_semi.o
         2          0          0          0          0          0   libinit.o
         2          0          0          0          0          0   libinit2.o
         2          0          0          0          0          0   libshutdown.o
         2          0          0          0          0          0   libshutdown2.o
         8          4          0          0         96         68   libspace.o
         2          0          0          0          0          0   rtexit.o
        10          0          0          0          0          0   rtexit2.o
        12          4          0          0          0         68   sys_exit.o
        74          0          0          0          0         80   sys_stackheap_outer.o
         2          0          0          0          0         68   use_no_semi.o
       804         16          0          0          0        272   daddsub_clz.o
        16          4          0          0          0         68   dcheck1.o
        24          0          0          0          0         68   dcmpi.o
        46          0          0          0          0         68   dflt_clz.o
       120          4          0          0          0         92   dleqf.o
       156          4          0          0          0         92   dnaninf.o
        12          0          0          0          0         68   dretinf.o
       108          0          0          0          0         80   drleqf.o
        86          4          0          0          0         84   f2d.o
       430          8          0          0          0        168   faddsub_clz.o
        24          0          0          0          0         68   fcmpi.o
        54          4          0          0          0         84   ffix.o
        62          4          0          0          0         84   ffixu.o
        48          0          0          0          0         68   fflt_clz.o
       104          4          0          0          0         84   fleqf.o
       140          4          0          0          0         84   fnaninf.o
        10          0          0          0          0         68   fretinf.o
        98          0          0          0          0         68   frleqf.o
       100          0          0          0          0         68   retnan.o
        92          0          0          0          0         68   scalbn.o
        48          0          0          0          0         68   trapv.o
         0          0          0          0          0          0   usenofp.o

    ----------------------------------------------------------------------
      2862         72          0          0        100       2448   Library Totals
        14          0          0          0          4          0   (incl. Padding)

    ----------------------------------------------------------------------

      Code (inc. data)   RO Data    RW Data    ZI Data      Debug   Library Name

       266         16          0          0         96        576   c_w.l
      2582         56          0          0          0       1872   fz_ws.l

    ----------------------------------------------------------------------
      2862         72          0          0        100       2448   Library Totals

    ----------------------------------------------------------------------

==============================================================================


      Code (inc. data)   RO Data    RW Data    ZI Data      Debug   

     29014       1162        366        280       1808     418894   Grand Totals
     29014       1162        366        280       1808     418894   ELF Image Totals
     29014       1162        366        280          0          0   ROM Totals

==============================================================================

    Total RO  Size (Code + RO Data)                29380 (  28.69kB)
    Total RW  Size (RW Data + ZI Data)              2088 (   2.04kB)
    Total ROM Size (Code + RO Data + RW Data)      29660 (  28.96kB)

==============================================================================

